Archive member included to satisfy reference by file (symbol)

c:/program files/stmicroelectronics/stm32cube/stm32cubeide_1.8.0/stm32cubeide/plugins/com.st.stm32cube.ide.mcu.externaltools.gnu-tools-for-stm32.9-2020-q2-update.win32_2.0.0.202105311346/tools/bin/../lib/gcc/arm-none-eabi/9.3.1/../../../../arm-none-eabi/lib/thumb/v7-m/nofp\libm.a(lib_a-w_sqrt.o)
                              ./Core/Src/main.o (sqrt)
c:/program files/stmicroelectronics/stm32cube/stm32cubeide_1.8.0/stm32cubeide/plugins/com.st.stm32cube.ide.mcu.externaltools.gnu-tools-for-stm32.9-2020-q2-update.win32_2.0.0.202105311346/tools/bin/../lib/gcc/arm-none-eabi/9.3.1/../../../../arm-none-eabi/lib/thumb/v7-m/nofp\libm.a(lib_a-wf_asin.o)
                              ./Core/Src/main.o (asinf)
c:/program files/stmicroelectronics/stm32cube/stm32cubeide_1.8.0/stm32cubeide/plugins/com.st.stm32cube.ide.mcu.externaltools.gnu-tools-for-stm32.9-2020-q2-update.win32_2.0.0.202105311346/tools/bin/../lib/gcc/arm-none-eabi/9.3.1/../../../../arm-none-eabi/lib/thumb/v7-m/nofp\libm.a(lib_a-wf_atan2.o)
                              ./Core/Src/main.o (atan2f)
c:/program files/stmicroelectronics/stm32cube/stm32cubeide_1.8.0/stm32cubeide/plugins/com.st.stm32cube.ide.mcu.externaltools.gnu-tools-for-stm32.9-2020-q2-update.win32_2.0.0.202105311346/tools/bin/../lib/gcc/arm-none-eabi/9.3.1/../../../../arm-none-eabi/lib/thumb/v7-m/nofp\libm.a(lib_a-e_sqrt.o)
                              c:/program files/stmicroelectronics/stm32cube/stm32cubeide_1.8.0/stm32cubeide/plugins/com.st.stm32cube.ide.mcu.externaltools.gnu-tools-for-stm32.9-2020-q2-update.win32_2.0.0.202105311346/tools/bin/../lib/gcc/arm-none-eabi/9.3.1/../../../../arm-none-eabi/lib/thumb/v7-m/nofp\libm.a(lib_a-w_sqrt.o) (__ieee754_sqrt)
c:/program files/stmicroelectronics/stm32cube/stm32cubeide_1.8.0/stm32cubeide/plugins/com.st.stm32cube.ide.mcu.externaltools.gnu-tools-for-stm32.9-2020-q2-update.win32_2.0.0.202105311346/tools/bin/../lib/gcc/arm-none-eabi/9.3.1/../../../../arm-none-eabi/lib/thumb/v7-m/nofp\libm.a(lib_a-ef_asin.o)
                              c:/program files/stmicroelectronics/stm32cube/stm32cubeide_1.8.0/stm32cubeide/plugins/com.st.stm32cube.ide.mcu.externaltools.gnu-tools-for-stm32.9-2020-q2-update.win32_2.0.0.202105311346/tools/bin/../lib/gcc/arm-none-eabi/9.3.1/../../../../arm-none-eabi/lib/thumb/v7-m/nofp\libm.a(lib_a-wf_asin.o) (__ieee754_asinf)
c:/program files/stmicroelectronics/stm32cube/stm32cubeide_1.8.0/stm32cubeide/plugins/com.st.stm32cube.ide.mcu.externaltools.gnu-tools-for-stm32.9-2020-q2-update.win32_2.0.0.202105311346/tools/bin/../lib/gcc/arm-none-eabi/9.3.1/../../../../arm-none-eabi/lib/thumb/v7-m/nofp\libm.a(lib_a-ef_atan2.o)
                              c:/program files/stmicroelectronics/stm32cube/stm32cubeide_1.8.0/stm32cubeide/plugins/com.st.stm32cube.ide.mcu.externaltools.gnu-tools-for-stm32.9-2020-q2-update.win32_2.0.0.202105311346/tools/bin/../lib/gcc/arm-none-eabi/9.3.1/../../../../arm-none-eabi/lib/thumb/v7-m/nofp\libm.a(lib_a-wf_atan2.o) (__ieee754_atan2f)
c:/program files/stmicroelectronics/stm32cube/stm32cubeide_1.8.0/stm32cubeide/plugins/com.st.stm32cube.ide.mcu.externaltools.gnu-tools-for-stm32.9-2020-q2-update.win32_2.0.0.202105311346/tools/bin/../lib/gcc/arm-none-eabi/9.3.1/../../../../arm-none-eabi/lib/thumb/v7-m/nofp\libm.a(lib_a-ef_sqrt.o)
                              c:/program files/stmicroelectronics/stm32cube/stm32cubeide_1.8.0/stm32cubeide/plugins/com.st.stm32cube.ide.mcu.externaltools.gnu-tools-for-stm32.9-2020-q2-update.win32_2.0.0.202105311346/tools/bin/../lib/gcc/arm-none-eabi/9.3.1/../../../../arm-none-eabi/lib/thumb/v7-m/nofp\libm.a(lib_a-ef_asin.o) (__ieee754_sqrtf)
c:/program files/stmicroelectronics/stm32cube/stm32cubeide_1.8.0/stm32cubeide/plugins/com.st.stm32cube.ide.mcu.externaltools.gnu-tools-for-stm32.9-2020-q2-update.win32_2.0.0.202105311346/tools/bin/../lib/gcc/arm-none-eabi/9.3.1/../../../../arm-none-eabi/lib/thumb/v7-m/nofp\libm.a(lib_a-s_lib_ver.o)
                              c:/program files/stmicroelectronics/stm32cube/stm32cubeide_1.8.0/stm32cubeide/plugins/com.st.stm32cube.ide.mcu.externaltools.gnu-tools-for-stm32.9-2020-q2-update.win32_2.0.0.202105311346/tools/bin/../lib/gcc/arm-none-eabi/9.3.1/../../../../arm-none-eabi/lib/thumb/v7-m/nofp\libm.a(lib_a-w_sqrt.o) (__fdlib_version)
c:/program files/stmicroelectronics/stm32cube/stm32cubeide_1.8.0/stm32cubeide/plugins/com.st.stm32cube.ide.mcu.externaltools.gnu-tools-for-stm32.9-2020-q2-update.win32_2.0.0.202105311346/tools/bin/../lib/gcc/arm-none-eabi/9.3.1/../../../../arm-none-eabi/lib/thumb/v7-m/nofp\libm.a(lib_a-sf_atan.o)
                              c:/program files/stmicroelectronics/stm32cube/stm32cubeide_1.8.0/stm32cubeide/plugins/com.st.stm32cube.ide.mcu.externaltools.gnu-tools-for-stm32.9-2020-q2-update.win32_2.0.0.202105311346/tools/bin/../lib/gcc/arm-none-eabi/9.3.1/../../../../arm-none-eabi/lib/thumb/v7-m/nofp\libm.a(lib_a-ef_atan2.o) (atanf)
[...]
Memory Configuration

Name             Origin             Length             Attributes
RAM              0x0000000020000000 0x0000000000005000 xrw
FLASH            0x0000000008000000 0x0000000000010000 xr
*default*        0x0000000000000000 0xffffffffffffffff

Linker script and memory map

LOAD c:/program files/stmicroelectronics/stm32cube/stm32cubeide_1.8.0/stm32cubeide/plugins/com.st.stm32cube.ide.mcu.externaltools.gnu-tools-for-stm32.9-2020-q2-update.win32_2.0.0.202105311346/tools/bin/../lib/gcc/arm-none-eabi/9.3.1/thumb/v7-m/nofp/crti.o
LOAD c:/program files/stmicroelectronics/stm32cube/stm32cubeide_1.8.0/stm32cubeide/plugins/com.st.stm32cube.ide.mcu.externaltools.gnu-tools-for-stm32.9-2020-q2-update.win32_2.0.0.202105311346/tools/bin/../lib/gcc/arm-none-eabi/9.3.1/thumb/v7-m/nofp/crtbegin.o
LOAD c:/program files/stmicroelectronics/stm32cube/stm32cubeide_1.8.0/stm32cubeide/plugins/com.st.stm32cube.ide.mcu.externaltools.gnu-tools-for-stm32.9-2020-q2-update.win32_2.0.0.202105311346/tools/bin/../lib/gcc/arm-none-eabi/9.3.1/../../../../arm-none-eabi/lib/thumb/v7-m/nofp/crt0.o
LOAD ./Core/Src/ICM_20948.o
LOAD ./Core/Src/ICM_20948_C.o
LOAD ./Core/Src/main.o
LOAD ./Core/Src/stm32f1xx_hal_msp.o
LOAD ./Core/Src/stm32f1xx_it.o
LOAD ./Core/Src/syscalls.o
LOAD ./Core/Src/sysmem.o
LOAD ./Core/Src/system_stm32f1xx.o
LOAD ./Core/Startup/startup_stm32f103c8tx.o
LOAD ./Drivers/STM32F1xx_HAL_Driver/Src/stm32f1xx_hal.o
LOAD ./Drivers/STM32F1xx_HAL_Driver/Src/stm32f1xx_hal_can.o
LOAD ./Drivers/STM32F1xx_HAL_Driver/Src/stm32f1xx_hal_cortex.o
LOAD ./Drivers/STM32F1xx_HAL_Driver/Src/stm32f1xx_hal_dma.o
LOAD ./Drivers/STM32F1xx_HAL_Driver/Src/stm32f1xx_hal_exti.o
LOAD ./Drivers/STM32F1xx_HAL_Driver/Src/stm32f1xx_hal_flash.o
LOAD ./Drivers/STM32F1xx_HAL_Driver/Src/stm32f1xx_hal_flash_ex.o
LOAD ./Drivers/STM32F1xx_HAL_Driver/Src/stm32f1xx_hal_gpio.o
LOAD ./Drivers/STM32F1xx_HAL_Driver/Src/stm32f1xx_hal_gpio_ex.o
LOAD ./Drivers/STM32F1xx_HAL_Driver/Src/stm32f1xx_hal_i2c.o
LOAD ./Drivers/STM32F1xx_HAL_Driver/Src/stm32f1xx_hal_pwr.o
LOAD ./Drivers/STM32F1xx_HAL_Driver/Src/stm32f1xx_hal_rcc.o
LOAD ./Drivers/STM32F1xx_HAL_Driver/Src/stm32f1xx_hal_rcc_ex.o
LOAD ./Drivers/STM32F1xx_HAL_Driver/Src/stm32f1xx_hal_tim.o
LOAD ./Drivers/STM32F1xx_HAL_Driver/Src/stm32f1xx_hal_tim_ex.o
START GROUP
LOAD c:/program files/stmicroelectronics/stm32cube/stm32cubeide_1.8.0/stm32cubeide/plugins/com.st.stm32cube.ide.mcu.externaltools.gnu-tools-for-stm32.9-2020-q2-update.win32_2.0.0.202105311346/tools/bin/../lib/gcc/arm-none-eabi/9.3.1/../../../../arm-none-eabi/lib/thumb/v7-m/nofp\libstdc++_nano.a
LOAD c:/program files/stmicroelectronics/stm32cube/stm32cubeide_1.8.0/stm32cubeide/plugins/com.st.stm32cube.ide.mcu.externaltools.gnu-tools-for-stm32.9-2020-q2-update.win32_2.0.0.202105311346/tools/bin/../lib/gcc/arm-none-eabi/9.3.1/../../../../arm-none-eabi/lib/thumb/v7-m/nofp\libsupc++_nano.a
END GROUP
LOAD c:/program files/stmicroelectronics/stm32cube/stm32cubeide_1.8.0/stm32cubeide/plugins/com.st.stm32cube.ide.mcu.externaltools.gnu-tools-for-stm32.9-2020-q2-update.win32_2.0.0.202105311346/tools/bin/../lib/gcc/arm-none-eabi/9.3.1/../../../../arm-none-eabi/lib/thumb/v7-m/nofp\libstdc++_nano.a
LOAD c:/program files/stmicroelectronics/stm32cube/stm32cubeide_1.8.0/stm32cubeide/plugins/com.st.stm32cube.ide.mcu.externaltools.gnu-tools-for-stm32.9-2020-q2-update.win32_2.0.0.202105311346/tools/bin/../lib/gcc/arm-none-eabi/9.3.1/../../../../arm-none-eabi/lib/thumb/v7-m/nofp\libm.a
LOAD c:/program files/stmicroelectronics/stm32cube/stm32cubeide_1.8.0/stm32cubeide/plugins/com.st.stm32cube.ide.mcu.externaltools.gnu-tools-for-stm32.9-2020-q2-update.win32_2.0.0.202105311346/tools/bin/../lib/gcc/arm-none-eabi/9.3.1/../../../../arm-none-eabi/lib/thumb/v7-m/nofp\libc_nano.a
START GROUP
LOAD c:/program files/stmicroelectronics/stm32cube/stm32cubeide_1.8.0/stm32cubeide/plugins/com.st.stm32cube.ide.mcu.externaltools.gnu-tools-for-stm32.9-2020-q2-update.win32_2.0.0.202105311346/tools/bin/../lib/gcc/arm-none-eabi/9.3.1/thumb/v7-m/nofp\libgcc.a
LOAD c:/program files/stmicroelectronics/stm32cube/stm32cubeide_1.8.0/stm32cubeide/plugins/com.st.stm32cube.ide.mcu.externaltools.gnu-tools-for-stm32.9-2020-q2-update.win32_2.0.0.202105311346/tools/bin/../lib/gcc/arm-none-eabi/9.3.1/../../../../arm-none-eabi/lib/thumb/v7-m/nofp\libc_nano.a
END GROUP
START GROUP
LOAD c:/program files/stmicroelectronics/stm32cube/stm32cubeide_1.8.0/stm32cubeide/plugins/com.st.stm32cube.ide.mcu.externaltools.gnu-tools-for-stm32.9-2020-q2-update.win32_2.0.0.202105311346/tools/bin/../lib/gcc/arm-none-eabi/9.3.1/thumb/v7-m/nofp\libgcc.a
LOAD c:/program files/stmicroelectronics/stm32cube/stm32cubeide_1.8.0/stm32cubeide/plugins/com.st.stm32cube.ide.mcu.externaltools.gnu-tools-for-stm32.9-2020-q2-update.win32_2.0.0.202105311346/tools/bin/../lib/gcc/arm-none-eabi/9.3.1/../../../../arm-none-eabi/lib/thumb/v7-m/nofp\libc_nano.a
END GROUP
LOAD c:/program files/stmicroelectronics/stm32cube/stm32cubeide_1.8.0/stm32cubeide/plugins/com.st.stm32cube.ide.mcu.externaltools.gnu-tools-for-stm32.9-2020-q2-update.win32_2.0.0.202105311346/tools/bin/../lib/gcc/arm-none-eabi/9.3.1/thumb/v7-m/nofp/crtend.o
LOAD c:/program files/stmicroelectronics/stm32cube/stm32cubeide_1.8.0/stm32cubeide/plugins/com.st.stm32cube.ide.mcu.externaltools.gnu-tools-for-stm32.9-2020-q2-update.win32_2.0.0.202105311346/tools/bin/../lib/gcc/arm-none-eabi/9.3.1/thumb/v7-m/nofp/crtn.o
                0x0000000020005000                _estack = (ORIGIN (RAM) + LENGTH (RAM))
                0x0000000000000200                _Min_Heap_Size = 0x200
                0x0000000000000400                _Min_Stack_Size = 0x400

.isr_vector     0x0000000008000000      0x10c
                0x0000000008000000                . = ALIGN (0x4)
 *(.isr_vector)
 .isr_vector    0x0000000008000000      0x10c ./Core/Startup/startup_stm32f103c8tx.o
                0x0000000008000000                g_pfnVectors
                0x000000000800010c                . = ALIGN (0x4)

.text           0x0000000008000110     0x8eec
                0x0000000008000110                . = ALIGN (0x4)
 *(.text)
 .text          0x0000000008000110       0x40 c:/program files/stmicroelectronics/stm32cube/stm32cubeide_1.8.0/stm32cubeide/plugins/com.st.stm32cube.ide.mcu.externaltools.gnu-tools-for-stm32.9-2020-q2-update.win32_2.0.0.202105311346/tools/bin/../lib/gcc/arm-none-eabi/9.3.1/thumb/v7-m/nofp/crtbegin.o
 .text          0x0000000008000150      0x378 c:/program files/stmicroelectronics/stm32cube/stm32cubeide_1.8.0/stm32cubeide/plugins/com.st.stm32cube.ide.mcu.externaltools.gnu-tools-for-stm32.9-2020-q2-update.win32_2.0.0.202105311346/tools/bin/../lib/gcc/arm-none-eabi/9.3.1/thumb/v7-m/nofp\libgcc.a(_arm_addsubdf3.o)
                0x0000000008000150                __aeabi_drsub
                0x0000000008000158                __aeabi_dsub
                0x0000000008000158                __subdf3
                0x000000000800015c                __aeabi_dadd
                0x000000000800015c                __adddf3
                0x00000000080003d4                __floatunsidf
                0x00000000080003d4                __aeabi_ui2d
                0x00000000080003f4                __floatsidf
                0x00000000080003f4                __aeabi_i2d
                0x0000000008000418                __aeabi_f2d
                0x0000000008000418                __extendsfdf2
                0x000000000800045c                __floatundidf
                0x000000000800045c                __aeabi_ul2d
                0x000000000800046c                __floatdidf
                0x000000000800046c                __aeabi_l2d
 .text          0x00000000080004c8      0x424 c:/program files/stmicroelectronics/stm32cube/stm32cubeide_1.8.0/stm32cubeide/plugins/com.st.stm32cube.ide.mcu.externaltools.gnu-tools-for-stm32.9-2020-q2-update.win32_2.0.0.202105311346/tools/bin/../lib/gcc/arm-none-eabi/9.3.1/thumb/v7-m/nofp\libgcc.a(_arm_muldivdf3.o)
                0x00000000080004c8                __aeabi_dmul
                0x00000000080004c8                __muldf3
                0x000000000800071c                __divdf3
                0x000000000800071c                __aeabi_ddiv
 .text          0x00000000080008ec      0x110 c:/program files/stmicroelectronics/stm32cube/stm32cubeide_1.8.0/stm32cubeide/plugins/com.st.stm32cube.ide.mcu.externaltools.gnu-tools-for-stm32.9-2020-q2-update.win32_2.0.0.202105311346/tools/bin/../lib/gcc/arm-none-eabi/9.3.1/thumb/v7-m/nofp\libgcc.a(_arm_cmpdf2.o)
                0x00000000080008ec                __gtdf2
                0x00000000080008ec                __gedf2
                0x00000000080008f4                __ltdf2
                0x00000000080008f4                __ledf2
                0x00000000080008fc                __nedf2
                0x00000000080008fc                __eqdf2
                0x00000000080008fc                __cmpdf2
                0x0000000008000978                __aeabi_cdrcmple
                0x0000000008000988                __aeabi_cdcmpeq
                0x0000000008000988                __aeabi_cdcmple
                0x0000000008000998                __aeabi_dcmpeq
                0x00000000080009ac                __aeabi_dcmplt
                0x00000000080009c0                __aeabi_dcmple
                0x00000000080009d4                __aeabi_dcmpge
                0x00000000080009e8                __aeabi_dcmpgt
 .text          0x00000000080009fc       0x2c c:/program files/stmicroelectronics/stm32cube/stm32cubeide_1.8.0/stm32cubeide/plugins/com.st.stm32cube.ide.mcu.externaltools.gnu-tools-for-stm32.9-2020-q2-update.win32_2.0.0.202105311346/tools/bin/../lib/gcc/arm-none-eabi/9.3.1/thumb/v7-m/nofp\libgcc.a(_arm_unorddf2.o)
                0x00000000080009fc                __unorddf2
                0x00000000080009fc                __aeabi_dcmpun
 .text          0x0000000008000a28       0xa0 c:/program files/stmicroelectronics/stm32cube/stm32cubeide_1.8.0/stm32cubeide/plugins/com.st.stm32cube.ide.mcu.externaltools.gnu-tools-for-stm32.9-2020-q2-update.win32_2.0.0.202105311346/tools/bin/../lib/gcc/arm-none-eabi/9.3.1/thumb/v7-m/nofp\libgcc.a(_arm_truncdfsf2.o)
                0x0000000008000a28                __truncdfsf2
                0x0000000008000a28                __aeabi_d2f
 .text          0x0000000008000ac8      0x21c c:/program files/stmicroelectronics/stm32cube/stm32cubeide_1.8.0/stm32cubeide/plugins/com.st.stm32cube.ide.mcu.externaltools.gnu-tools-for-stm32.9-2020-q2-update.win32_2.0.0.202105311346/tools/bin/../lib/gcc/arm-none-eabi/9.3.1/thumb/v7-m/nofp\libgcc.a(_arm_addsubsf3.o)
                0x0000000008000ac8                __aeabi_frsub
                0x0000000008000ad0                __subsf3
                0x0000000008000ad0                __aeabi_fsub
                0x0000000008000ad4                __aeabi_fadd
                0x0000000008000ad4                __addsf3
                0x0000000008000c34                __aeabi_ui2f
                0x0000000008000c34                __floatunsisf
                0x0000000008000c3c                __aeabi_i2f
                0x0000000008000c3c                __floatsisf
                0x0000000008000c58                __aeabi_ul2f
                0x0000000008000c58                __floatundisf
                0x0000000008000c68                __aeabi_l2f
                0x0000000008000c68                __floatdisf
 .text          0x0000000008000ce4      0x2a0 c:/program files/stmicroelectronics/stm32cube/stm32cubeide_1.8.0/stm32cubeide/plugins/com.st.stm32cube.ide.mcu.externaltools.gnu-tools-for-stm32.9-2020-q2-update.win32_2.0.0.202105311346/tools/bin/../lib/gcc/arm-none-eabi/9.3.1/thumb/v7-m/nofp\libgcc.a(_arm_muldivsf3.o)
                0x0000000008000ce4                __mulsf3
                0x0000000008000ce4                __aeabi_fmul
                0x0000000008000e4c                __aeabi_fdiv
                0x0000000008000e4c                __divsf3
 .text          0x0000000008000f84       0xec c:/program files/stmicroelectronics/stm32cube/stm32cubeide_1.8.0/stm32cubeide/plugins/com.st.stm32cube.ide.mcu.externaltools.gnu-tools-for-stm32.9-2020-q2-update.win32_2.0.0.202105311346/tools/bin/../lib/gcc/arm-none-eabi/9.3.1/thumb/v7-m/nofp\libgcc.a(_arm_cmpsf2.o)
                0x0000000008000f84                __gesf2
                0x0000000008000f84                __gtsf2
                0x0000000008000f8c                __lesf2
                0x0000000008000f8c                __ltsf2
                0x0000000008000f94                __nesf2
                0x0000000008000f94                __eqsf2
                0x0000000008000f94                __cmpsf2
                0x0000000008000ff4                __aeabi_cfrcmple
                0x0000000008000ffc                __aeabi_cfcmpeq
                0x0000000008000ffc                __aeabi_cfcmple
                0x000000000800100c                __aeabi_fcmpeq
                0x0000000008001020                __aeabi_fcmplt
                0x0000000008001034                __aeabi_fcmple
                0x0000000008001048                __aeabi_fcmpge
                0x000000000800105c                __aeabi_fcmpgt
 .text          0x0000000008001070       0x2c c:/program files/stmicroelectronics/stm32cube/stm32cubeide_1.8.0/stm32cubeide/plugins/com.st.stm32cube.ide.mcu.externaltools.gnu-tools-for-stm32.9-2020-q2-update.win32_2.0.0.202105311346/tools/bin/../lib/gcc/arm-none-eabi/9.3.1/thumb/v7-m/nofp\libgcc.a(_arm_unordsf2.o)
                0x0000000008001070                __unordsf2
                0x0000000008001070                __aeabi_fcmpun
 .text          0x000000000800109c       0x30 c:/program files/stmicroelectronics/stm32cube/stm32cubeide_1.8.0/stm32cubeide/plugins/com.st.stm32cube.ide.mcu.externaltools.gnu-tools-for-stm32.9-2020-q2-update.win32_2.0.0.202105311346/tools/bin/../lib/gcc/arm-none-eabi/9.3.1/thumb/v7-m/nofp\libgcc.a(_aeabi_uldivmod.o)
                0x000000000800109c                __aeabi_uldivmod
 .text          0x00000000080010cc      0x2c4 c:/program files/stmicroelectronics/stm32cube/stm32cubeide_1.8.0/stm32cubeide/plugins/com.st.stm32cube.ide.mcu.externaltools.gnu-tools-for-stm32.9-2020-q2-update.win32_2.0.0.202105311346/tools/bin/../lib/gcc/arm-none-eabi/9.3.1/thumb/v7-m/nofp\libgcc.a(_udivmoddi4.o)
                0x00000000080010cc                __udivmoddi4
 .text          0x0000000008001390        0x4 c:/program files/stmicroelectronics/stm32cube/stm32cubeide_1.8.0/stm32cubeide/plugins/com.st.stm32cube.ide.mcu.externaltools.gnu-tools-for-stm32.9-2020-q2-update.win32_2.0.0.202105311346/tools/bin/../lib/gcc/arm-none-eabi/9.3.1/thumb/v7-m/nofp\libgcc.a(_dvmd_tls.o)
                0x0000000008001390                __aeabi_idiv0
                0x0000000008001390                __aeabi_ldiv0
 *(.text*)
 .text._ZN9ICM_20948C2Ev
                0x0000000008001394       0x32 ./Core/Src/ICM_20948.o
                0x0000000008001394                ICM_20948::ICM_20948()
                0x0000000008001394                ICM_20948::ICM_20948()
 .text._ZN9ICM_209487setBankEh
                0x00000000080013c6       0x32 ./Core/Src/ICM_20948.o
                0x00000000080013c6                ICM_20948::setBank(unsigned char)
 .text._ZN9ICM_209487swResetEv
                0x00000000080013f8       0x2a ./Core/Src/ICM_20948.o
                0x00000000080013f8                ICM_20948::swReset()
 .text._ZN9ICM_209485sleepEb
                0x0000000008001422       0x32 ./Core/Src/ICM_20948.o
                0x0000000008001422                ICM_20948::sleep(bool)
 .text._ZN9ICM_209488lowPowerEb
                0x0000000008001454       0x32 ./Core/Src/ICM_20948.o
                0x0000000008001454                ICM_20948::lowPower(bool)
 .text._ZN9ICM_2094814setClockSourceE29ICM_20948_PWR_MGMT_1_CLKSEL_e
                0x0000000008001486       0x32 ./Core/Src/ICM_20948.o
                0x0000000008001486                ICM_20948::setClockSource(ICM_20948_PWR_MGMT_1_CLKSEL_e)
 .text._ZN9ICM_209487checkIDEv
                0x00000000080014b8       0x2a ./Core/Src/ICM_20948.o
                0x00000000080014b8                ICM_20948::checkID()
 .text._ZN9ICM_2094813setSampleModeEhh
                0x00000000080014e2       0x3c ./Core/Src/ICM_20948.o
                0x00000000080014e2                ICM_20948::setSampleMode(unsigned char, unsigned char)
 .text._ZN9ICM_2094812setFullScaleEh15ICM_20948_fss_t
                0x000000000800151e       0x34 ./Core/Src/ICM_20948.o
                0x000000000800151e                ICM_20948::setFullScale(unsigned char, ICM_20948_fss_t)
 .text._ZN9ICM_2094810setDLPFcfgEh18ICM_20948_dlpcfg_t
                0x0000000008001552       0x34 ./Core/Src/ICM_20948.o
                0x0000000008001552                ICM_20948::setDLPFcfg(unsigned char, ICM_20948_dlpcfg_t)
 .text._ZN9ICM_2094810enableDLPFEhb
                0x0000000008001586       0x36 ./Core/Src/ICM_20948.o
                0x0000000008001586                ICM_20948::enableDLPF(unsigned char, bool)
 .text._ZN9ICM_2094813setSampleRateEh18ICM_20948_smplrt_t
                0x00000000080015bc       0x34 ./Core/Src/ICM_20948.o
                0x00000000080015bc                ICM_20948::setSampleRate(unsigned char, ICM_20948_smplrt_t)
 .text._ZN9ICM_2094821intEnableRawDataReadyEb
                0x00000000080015f0       0x9c ./Core/Src/ICM_20948.o
                0x00000000080015f0                ICM_20948::intEnableRawDataReady(bool)
 .text._ZN9ICM_2094820i2cMasterPassthroughEb
                0x000000000800168c       0x32 ./Core/Src/ICM_20948.o
                0x000000000800168c                ICM_20948::i2cMasterPassthrough(bool)
 .text._ZN9ICM_2094815i2cMasterEnableEb
                0x00000000080016be       0x32 ./Core/Src/ICM_20948.o
                0x00000000080016be                ICM_20948::i2cMasterEnable(bool)
 .text._ZN9ICM_2094814i2cMasterResetEv
                0x00000000080016f0       0x2a ./Core/Src/ICM_20948.o
                0x00000000080016f0                ICM_20948::i2cMasterReset()
 .text._ZN9ICM_2094832i2cControllerConfigurePeripheralEhhhhbbbbbh
                0x000000000800171a       0x68 ./Core/Src/ICM_20948.o
                0x000000000800171a                ICM_20948::i2cControllerConfigurePeripheral(unsigned char, unsigned char, unsigned char, unsigned char, bool, bool, bool, bool, bool, unsigned char)
 .text._ZN9ICM_2094816i2cMasterSingleWEhhh
                0x0000000008001782       0x40 ./Core/Src/ICM_20948.o
                0x0000000008001782                ICM_20948::i2cMasterSingleW(unsigned char, unsigned char, unsigned char)
 .text._ZN9ICM_2094816i2cMasterSingleREhh
                0x00000000080017c2       0x38 ./Core/Src/ICM_20948.o
                0x00000000080017c2                ICM_20948::i2cMasterSingleR(unsigned char, unsigned char)
 .text._ZN9ICM_2094814startupDefaultEb
                0x00000000080017fa      0x1a6 ./Core/Src/ICM_20948.o
                0x00000000080017fa                ICM_20948::startupDefault(bool)
 .text._ZN9ICM_209485writeEhPhm
                0x00000000080019a0       0x36 ./Core/Src/ICM_20948.o
                0x00000000080019a0                ICM_20948::write(unsigned char, unsigned char*, unsigned long)
 .text._ZN9ICM_209487readMagE18AK09916_Reg_Addr_e
                0x00000000080019d6       0x26 ./Core/Src/ICM_20948.o
                0x00000000080019d6                ICM_20948::readMag(AK09916_Reg_Addr_e)
 .text._ZN9ICM_209488writeMagE18AK09916_Reg_Addr_ePh
                0x00000000080019fc       0x34 ./Core/Src/ICM_20948.o
                0x00000000080019fc                ICM_20948::writeMag(AK09916_Reg_Addr_e, unsigned char*)
 .text._ZN9ICM_209488resetMagEv
                0x0000000008001a30       0x30 ./Core/Src/ICM_20948.o
                0x0000000008001a30                ICM_20948::resetMag()
 .text._ZN9ICM_2094810enableFIFOEb
                0x0000000008001a60       0x32 ./Core/Src/ICM_20948.o
                0x0000000008001a60                ICM_20948::enableFIFO(bool)
 .text._ZN9ICM_209489resetFIFOEv
                0x0000000008001a92       0x2a ./Core/Src/ICM_20948.o
                0x0000000008001a92                ICM_20948::resetFIFO()
 .text._ZN9ICM_209489enableDMPEb
                0x0000000008001abc       0x48 ./Core/Src/ICM_20948.o
                0x0000000008001abc                ICM_20948::enableDMP(bool)
 .text._ZN9ICM_209488resetDMPEv
                0x0000000008001b04       0x2a ./Core/Src/ICM_20948.o
                0x0000000008001b04                ICM_20948::resetDMP()
 .text._ZN9ICM_2094815loadDMPFirmwareEv
                0x0000000008001b2e       0x36 ./Core/Src/ICM_20948.o
                0x0000000008001b2e                ICM_20948::loadDMPFirmware()
 .text._ZN9ICM_2094818setDMPstartAddressEt
                0x0000000008001b64       0x3e ./Core/Src/ICM_20948.o
                0x0000000008001b64                ICM_20948::setDMPstartAddress(unsigned short)
 .text._ZN9ICM_2094815enableDMPSensorE19inv_icm20948_sensorb
                0x0000000008001ba2       0x4c ./Core/Src/ICM_20948.o
                0x0000000008001ba2                ICM_20948::enableDMPSensor(inv_icm20948_sensor, bool)
 .text._ZN9ICM_2094812writeDMPmemsEtjPKh
                0x0000000008001bee       0x42 ./Core/Src/ICM_20948.o
                0x0000000008001bee                ICM_20948::writeDMPmems(unsigned short, unsigned int, unsigned char const*)
 .text._ZN9ICM_2094813setDMPODRrateE17DMP_ODR_Registersi
                0x0000000008001c30       0x42 ./Core/Src/ICM_20948.o
                0x0000000008001c30                ICM_20948::setDMPODRrate(DMP_ODR_Registers, int)
 .text._ZN9ICM_2094819readDMPdataFromFIFOEP20icm_20948_DMP_data_t
                0x0000000008001c72       0x3a ./Core/Src/ICM_20948.o
                0x0000000008001c72                ICM_20948::readDMPdataFromFIFO(icm_20948_DMP_data_t*)
 .text._ZN9ICM_209489setGyroSFEhi
                0x0000000008001cac       0x40 ./Core/Src/ICM_20948.o
                0x0000000008001cac                ICM_20948::setGyroSF(unsigned char, int)
 .text._ZN9ICM_2094813initializeDMPEv
                0x0000000008001cec      0x8e8 ./Core/Src/ICM_20948.o
                0x0000000008001cec                ICM_20948::initializeDMP()
 .text._ZN13ICM_20948_I2CC2Ev
                0x00000000080025d4       0x28 ./Core/Src/ICM_20948.o
                0x00000000080025d4                ICM_20948_I2C::ICM_20948_I2C()
                0x00000000080025d4                ICM_20948_I2C::ICM_20948_I2C()
 .text._ZN13ICM_20948_I2C5beginEv
                0x00000000080025fc       0x90 ./Core/Src/ICM_20948.o
                0x00000000080025fc                ICM_20948_I2C::begin()
 .text._ZN9ICM_2094819startupMagnetometerEb
                0x000000000800268c      0x10c ./Core/Src/ICM_20948.o
                0x000000000800268c                ICM_20948::startupMagnetometer(bool)
 .text._ZN9ICM_209489magWhoIAmEv
                0x0000000008002798       0x82 ./Core/Src/ICM_20948.o
                0x0000000008002798                ICM_20948::magWhoIAm()
 .text._Z19ICM_20948_write_I2ChPhmPv
                0x000000000800281a       0x3a ./Core/Src/ICM_20948.o
                0x000000000800281a                ICM_20948_write_I2C(unsigned char, unsigned char*, unsigned long, void*)
 .text._Z18ICM_20948_read_I2ChPhmPv
                0x0000000008002854       0x3a ./Core/Src/ICM_20948.o
                0x0000000008002854                ICM_20948_read_I2C(unsigned char, unsigned char*, unsigned long, void*)
 .text.ICM_20948_init_struct
                0x000000000800288e       0x26 ./Core/Src/ICM_20948_C.o
                0x000000000800288e                ICM_20948_init_struct
 .text.ICM_20948_execute_w
                0x00000000080028b4       0x3c ./Core/Src/ICM_20948_C.o
                0x00000000080028b4                ICM_20948_execute_w
 .text.ICM_20948_execute_r
                0x00000000080028f0       0x3c ./Core/Src/ICM_20948_C.o
                0x00000000080028f0                ICM_20948_execute_r
 .text.ICM_20948_i2c_controller_periph4_txn
                0x000000000800292c      0x244 ./Core/Src/ICM_20948_C.o
                0x000000000800292c                ICM_20948_i2c_controller_periph4_txn
 .text.ICM_20948_i2c_master_single_w
                0x0000000008002b70       0x34 ./Core/Src/ICM_20948_C.o
                0x0000000008002b70                ICM_20948_i2c_master_single_w
 .text.ICM_20948_i2c_master_single_r
                0x0000000008002ba4       0x34 ./Core/Src/ICM_20948_C.o
                0x0000000008002ba4                ICM_20948_i2c_master_single_r
 .text.ICM_20948_set_bank
                0x0000000008002bd8       0x4e ./Core/Src/ICM_20948_C.o
                0x0000000008002bd8                ICM_20948_set_bank
 .text.ICM_20948_sw_reset
                0x0000000008002c26       0x5e ./Core/Src/ICM_20948_C.o
                0x0000000008002c26                ICM_20948_sw_reset
 .text.ICM_20948_sleep
                0x0000000008002c84       0x72 ./Core/Src/ICM_20948_C.o
                0x0000000008002c84                ICM_20948_sleep
 .text.ICM_20948_low_power
                0x0000000008002cf6       0x72 ./Core/Src/ICM_20948_C.o
                0x0000000008002cf6                ICM_20948_low_power
 .text.ICM_20948_set_clock_source
                0x0000000008002d68       0x6a ./Core/Src/ICM_20948_C.o
                0x0000000008002d68                ICM_20948_set_clock_source
 .text.ICM_20948_get_who_am_i
                0x0000000008002dd2       0x32 ./Core/Src/ICM_20948_C.o
                0x0000000008002dd2                ICM_20948_get_who_am_i
 .text.ICM_20948_check_id
                0x0000000008002e04       0x3e ./Core/Src/ICM_20948_C.o
                0x0000000008002e04                ICM_20948_check_id
 .text.ICM_20948_int_enable
                0x0000000008002e42      0x376 ./Core/Src/ICM_20948_C.o
                0x0000000008002e42                ICM_20948_int_enable
 .text.ICM_20948_set_sample_mode
                0x00000000080031b8      0x13e ./Core/Src/ICM_20948_C.o
                0x00000000080031b8                ICM_20948_set_sample_mode
 .text.ICM_20948_set_full_scale
                0x00000000080032f6      0x14a ./Core/Src/ICM_20948_C.o
                0x00000000080032f6                ICM_20948_set_full_scale
 .text.ICM_20948_set_dlpf_cfg
                0x0000000008003440      0x142 ./Core/Src/ICM_20948_C.o
                0x0000000008003440                ICM_20948_set_dlpf_cfg
 .text.ICM_20948_enable_dlpf
                0x0000000008003582      0x184 ./Core/Src/ICM_20948_C.o
                0x0000000008003582                ICM_20948_enable_dlpf
 .text.ICM_20948_set_sample_rate
                0x0000000008003706       0xb8 ./Core/Src/ICM_20948_C.o
                0x0000000008003706                ICM_20948_set_sample_rate
 .text.ICM_20948_i2c_master_passthrough
                0x00000000080037be       0x72 ./Core/Src/ICM_20948_C.o
                0x00000000080037be                ICM_20948_i2c_master_passthrough
 .text.ICM_20948_i2c_master_enable
                0x0000000008003830       0xf6 ./Core/Src/ICM_20948_C.o
                0x0000000008003830                ICM_20948_i2c_master_enable
 .text.ICM_20948_i2c_master_reset
                0x0000000008003926       0x6c ./Core/Src/ICM_20948_C.o
                0x0000000008003926                ICM_20948_i2c_master_reset
 *fill*         0x0000000008003992        0x2 
 .text.ICM_20948_i2c_controller_configure_peripheral
                0x0000000008003994      0x19c ./Core/Src/ICM_20948_C.o
                0x0000000008003994                ICM_20948_i2c_controller_configure_peripheral
 .text.ICM_20948_enable_FIFO
                0x0000000008003b30       0x80 ./Core/Src/ICM_20948_C.o
                0x0000000008003b30                ICM_20948_enable_FIFO
 .text.ICM_20948_reset_FIFO
                0x0000000008003bb0       0x92 ./Core/Src/ICM_20948_C.o
                0x0000000008003bb0                ICM_20948_reset_FIFO
 .text.ICM_20948_get_FIFO_count
                0x0000000008003c42       0x84 ./Core/Src/ICM_20948_C.o
                0x0000000008003c42                ICM_20948_get_FIFO_count
 .text.ICM_20948_read_FIFO
                0x0000000008003cc6       0x4c ./Core/Src/ICM_20948_C.o
                0x0000000008003cc6                ICM_20948_read_FIFO
 .text.ICM_20948_enable_DMP
                0x0000000008003d12       0x80 ./Core/Src/ICM_20948_C.o
                0x0000000008003d12                ICM_20948_enable_DMP
 .text.ICM_20948_reset_DMP
                0x0000000008003d92       0x6c ./Core/Src/ICM_20948_C.o
                0x0000000008003d92                ICM_20948_reset_DMP
 *fill*         0x0000000008003dfe        0x2 
 .text.ICM_20948_firmware_load
                0x0000000008003e00       0x24 ./Core/Src/ICM_20948_C.o
                0x0000000008003e00                ICM_20948_firmware_load
 .text.inv_icm20948_firmware_load
                0x0000000008003e24      0x1bc ./Core/Src/ICM_20948_C.o
                0x0000000008003e24                inv_icm20948_firmware_load
 .text.ICM_20948_set_dmp_start_address
                0x0000000008003fe0       0x64 ./Core/Src/ICM_20948_C.o
                0x0000000008003fe0                ICM_20948_set_dmp_start_address
 .text.inv_icm20948_write_mems
                0x0000000008004044       0xea ./Core/Src/ICM_20948_C.o
                0x0000000008004044                inv_icm20948_write_mems
 .text.inv_icm20948_read_mems
                0x000000000800412e       0xea ./Core/Src/ICM_20948_C.o
                0x000000000800412e                inv_icm20948_read_mems
 .text.inv_icm20948_set_dmp_sensor_period
                0x0000000008004218      0x2cc ./Core/Src/ICM_20948_C.o
                0x0000000008004218                inv_icm20948_set_dmp_sensor_period
 .text.inv_icm20948_enable_dmp_sensor
                0x00000000080044e4      0x35c ./Core/Src/ICM_20948_C.o
                0x00000000080044e4                inv_icm20948_enable_dmp_sensor
 .text.inv_icm20948_read_dmp_data
                0x0000000008004840      0xbb8 ./Core/Src/ICM_20948_C.o
                0x0000000008004840                inv_icm20948_read_dmp_data
 .text.sensor_type_2_android_sensor
                0x00000000080053f8       0xc4 ./Core/Src/ICM_20948_C.o
                0x00000000080053f8                sensor_type_2_android_sensor
 *fill*         0x00000000080054bc        0x4 
 .text.inv_icm20948_set_gyro_sf
                0x00000000080054c0      0x1d4 ./Core/Src/ICM_20948_C.o
                0x00000000080054c0                inv_icm20948_set_gyro_sf
 .text._ZSt4asinf
                0x0000000008005694       0x18 ./Core/Src/main.o
                0x0000000008005694                std::asin(float)
 .text._ZSt5atan2ff
                0x00000000080056ac       0x1c ./Core/Src/main.o
                0x00000000080056ac                std::atan2(float, float)
 .text.main     0x00000000080056c8      0x8fc ./Core/Src/main.o
                0x00000000080056c8                main
 .text._Z18SystemClock_Configv
                0x0000000008005fc4       0x9e ./Core/Src/main.o
                0x0000000008005fc4                SystemClock_Config()
 *fill*         0x0000000008006062        0x2 
 .text._ZL11MX_CAN_Initv
                0x0000000008006064       0x74 ./Core/Src/main.o
 .text._ZL12MX_I2C2_Initv
                0x00000000080060d8       0x68 ./Core/Src/main.o
 .text._ZL12MX_GPIO_Initv
                0x0000000008006140       0x98 ./Core/Src/main.o
 .text.I2C_write
                0x00000000080061d8       0x44 ./Core/Src/main.o
                0x00000000080061d8                I2C_write
 .text.I2C_read
                0x000000000800621c       0x44 ./Core/Src/main.o
                0x000000000800621c                I2C_read
 .text.Error_Handler
                0x0000000008006260        0xa ./Core/Src/main.o
                0x0000000008006260                Error_Handler
 *fill*         0x000000000800626a        0x2 
 .text.HAL_MspInit
                0x000000000800626c       0x64 ./Core/Src/stm32f1xx_hal_msp.o
                0x000000000800626c                HAL_MspInit
 .text.HAL_CAN_MspInit
                0x00000000080062d0       0x98 ./Core/Src/stm32f1xx_hal_msp.o
                0x00000000080062d0                HAL_CAN_MspInit
 .text.HAL_I2C_MspInit
                0x0000000008006368       0x80 ./Core/Src/stm32f1xx_hal_msp.o
                0x0000000008006368                HAL_I2C_MspInit
 .text.NMI_Handler
                0x00000000080063e8        0x6 ./Core/Src/stm32f1xx_it.o
                0x00000000080063e8                NMI_Handler
 .text.HardFault_Handler
                0x00000000080063ee        0x6 ./Core/Src/stm32f1xx_it.o
                0x00000000080063ee                HardFault_Handler
 .text.MemManage_Handler
                0x00000000080063f4        0x6 ./Core/Src/stm32f1xx_it.o
                0x00000000080063f4                MemManage_Handler
 .text.BusFault_Handler
                0x00000000080063fa        0x6 ./Core/Src/stm32f1xx_it.o
                0x00000000080063fa                BusFault_Handler
 .text.UsageFault_Handler
                0x0000000008006400        0x6 ./Core/Src/stm32f1xx_it.o
                0x0000000008006400                UsageFault_Handler
 .text.SVC_Handler
                0x0000000008006406        0xc ./Core/Src/stm32f1xx_it.o
                0x0000000008006406                SVC_Handler
 .text.DebugMon_Handler
                0x0000000008006412        0xc ./Core/Src/stm32f1xx_it.o
                0x0000000008006412                DebugMon_Handler
 .text.PendSV_Handler
                0x000000000800641e        0xc ./Core/Src/stm32f1xx_it.o
                0x000000000800641e                PendSV_Handler
 .text.SysTick_Handler
                0x000000000800642a        0xc ./Core/Src/stm32f1xx_it.o
                0x000000000800642a                SysTick_Handler
 .text.SystemInit
                0x0000000008006436        0xc ./Core/Src/system_stm32f1xx.o
                0x0000000008006436                SystemInit
 *fill*         0x0000000008006442        0x2 
 .text.Reset_Handler
                0x0000000008006444       0x48 ./Core/Startup/startup_stm32f103c8tx.o
                0x0000000008006444                Reset_Handler
 .text.Default_Handler
                0x000000000800648c        0x2 ./Core/Startup/startup_stm32f103c8tx.o
                0x000000000800648c                RTC_Alarm_IRQHandler
                0x000000000800648c                EXTI2_IRQHandler
                0x000000000800648c                TIM1_CC_IRQHandler
                0x000000000800648c                PVD_IRQHandler
                0x000000000800648c                EXTI3_IRQHandler
                0x000000000800648c                EXTI0_IRQHandler
                0x000000000800648c                I2C2_EV_IRQHandler
                0x000000000800648c                ADC1_2_IRQHandler
                0x000000000800648c                SPI1_IRQHandler
                0x000000000800648c                TAMPER_IRQHandler
                0x000000000800648c                DMA1_Channel4_IRQHandler
                0x000000000800648c                USART3_IRQHandler
                0x000000000800648c                RTC_IRQHandler
                0x000000000800648c                DMA1_Channel7_IRQHandler
                0x000000000800648c                CAN1_RX1_IRQHandler
                0x000000000800648c                TIM4_IRQHandler
                0x000000000800648c                I2C1_EV_IRQHandler
                0x000000000800648c                DMA1_Channel6_IRQHandler
                0x000000000800648c                TIM3_IRQHandler
                0x000000000800648c                RCC_IRQHandler
                0x000000000800648c                TIM1_TRG_COM_IRQHandler
                0x000000000800648c                DMA1_Channel1_IRQHandler
                0x000000000800648c                Default_Handler
                0x000000000800648c                EXTI15_10_IRQHandler
                0x000000000800648c                EXTI9_5_IRQHandler
                0x000000000800648c                SPI2_IRQHandler
                0x000000000800648c                DMA1_Channel5_IRQHandler
                0x000000000800648c                EXTI4_IRQHandler
                0x000000000800648c                USB_LP_CAN1_RX0_IRQHandler
                0x000000000800648c                USB_HP_CAN1_TX_IRQHandler
                0x000000000800648c                DMA1_Channel3_IRQHandler
                0x000000000800648c                TIM1_UP_IRQHandler
                0x000000000800648c                WWDG_IRQHandler
                0x000000000800648c                TIM2_IRQHandler
                0x000000000800648c                TIM1_BRK_IRQHandler
                0x000000000800648c                EXTI1_IRQHandler
                0x000000000800648c                USART2_IRQHandler
                0x000000000800648c                I2C2_ER_IRQHandler
                0x000000000800648c                DMA1_Channel2_IRQHandler
                0x000000000800648c                CAN1_SCE_IRQHandler
                0x000000000800648c                FLASH_IRQHandler
                0x000000000800648c                USART1_IRQHandler
                0x000000000800648c                I2C1_ER_IRQHandler
                0x000000000800648c                USBWakeUp_IRQHandler
 *fill*         0x000000000800648e        0x2 
 .text.HAL_Init
                0x0000000008006490       0x2c ./Drivers/STM32F1xx_HAL_Driver/Src/stm32f1xx_hal.o
                0x0000000008006490                HAL_Init
 .text.HAL_InitTick
                0x00000000080064bc       0x60 ./Drivers/STM32F1xx_HAL_Driver/Src/stm32f1xx_hal.o
                0x00000000080064bc                HAL_InitTick
 .text.HAL_IncTick
                0x000000000800651c       0x24 ./Drivers/STM32F1xx_HAL_Driver/Src/stm32f1xx_hal.o
                0x000000000800651c                HAL_IncTick
 .text.HAL_GetTick
                0x0000000008006540       0x14 ./Drivers/STM32F1xx_HAL_Driver/Src/stm32f1xx_hal.o
                0x0000000008006540                HAL_GetTick
 .text.HAL_Delay
                0x0000000008006554       0x48 ./Drivers/STM32F1xx_HAL_Driver/Src/stm32f1xx_hal.o
                0x0000000008006554                HAL_Delay
 .text.HAL_CAN_Init
                0x000000000800659c      0x1f6 ./Drivers/STM32F1xx_HAL_Driver/Src/stm32f1xx_hal_can.o
                0x000000000800659c                HAL_CAN_Init
 .text.HAL_CAN_ConfigFilter
                0x0000000008006792      0x192 ./Drivers/STM32F1xx_HAL_Driver/Src/stm32f1xx_hal_can.o
                0x0000000008006792                HAL_CAN_ConfigFilter
 .text.HAL_CAN_Start
                0x0000000008006924       0x88 ./Drivers/STM32F1xx_HAL_Driver/Src/stm32f1xx_hal_can.o
                0x0000000008006924                HAL_CAN_Start
 .text.HAL_CAN_ActivateNotification
                0x00000000080069ac       0x4a ./Drivers/STM32F1xx_HAL_Driver/Src/stm32f1xx_hal_can.o
                0x00000000080069ac                HAL_CAN_ActivateNotification
 *fill*         0x00000000080069f6        0x2 
 .text.__NVIC_SetPriorityGrouping
                0x00000000080069f8       0x48 ./Drivers/STM32F1xx_HAL_Driver/Src/stm32f1xx_hal_cortex.o
 .text.__NVIC_GetPriorityGrouping
                0x0000000008006a40       0x1c ./Drivers/STM32F1xx_HAL_Driver/Src/stm32f1xx_hal_cortex.o
 .text.__NVIC_SetPriority
                0x0000000008006a5c       0x54 ./Drivers/STM32F1xx_HAL_Driver/Src/stm32f1xx_hal_cortex.o
 .text.NVIC_EncodePriority
                0x0000000008006ab0       0x64 ./Drivers/STM32F1xx_HAL_Driver/Src/stm32f1xx_hal_cortex.o
 .text.SysTick_Config
                0x0000000008006b14       0x44 ./Drivers/STM32F1xx_HAL_Driver/Src/stm32f1xx_hal_cortex.o
 .text.HAL_NVIC_SetPriorityGrouping
                0x0000000008006b58       0x16 ./Drivers/STM32F1xx_HAL_Driver/Src/stm32f1xx_hal_cortex.o
                0x0000000008006b58                HAL_NVIC_SetPriorityGrouping
 .text.HAL_NVIC_SetPriority
                0x0000000008006b6e       0x38 ./Drivers/STM32F1xx_HAL_Driver/Src/stm32f1xx_hal_cortex.o
                0x0000000008006b6e                HAL_NVIC_SetPriority
 .text.HAL_SYSTICK_Config
                0x0000000008006ba6       0x18 ./Drivers/STM32F1xx_HAL_Driver/Src/stm32f1xx_hal_cortex.o
                0x0000000008006ba6                HAL_SYSTICK_Config
 *fill*         0x0000000008006bbe        0x2 
 .text.HAL_GPIO_Init
                0x0000000008006bc0      0x308 ./Drivers/STM32F1xx_HAL_Driver/Src/stm32f1xx_hal_gpio.o
                0x0000000008006bc0                HAL_GPIO_Init
 .text.HAL_GPIO_WritePin
                0x0000000008006ec8       0x30 ./Drivers/STM32F1xx_HAL_Driver/Src/stm32f1xx_hal_gpio.o
                0x0000000008006ec8                HAL_GPIO_WritePin
 .text.HAL_I2C_Init
                0x0000000008006ef8      0x288 ./Drivers/STM32F1xx_HAL_Driver/Src/stm32f1xx_hal_i2c.o
                0x0000000008006ef8                HAL_I2C_Init
 .text.HAL_I2C_Mem_Write
                0x0000000008007180      0x1f4 ./Drivers/STM32F1xx_HAL_Driver/Src/stm32f1xx_hal_i2c.o
                0x0000000008007180                HAL_I2C_Mem_Write
 .text.HAL_I2C_Mem_Read
                0x0000000008007374      0x4d0 ./Drivers/STM32F1xx_HAL_Driver/Src/stm32f1xx_hal_i2c.o
                0x0000000008007374                HAL_I2C_Mem_Read
 .text.I2C_RequestMemoryWrite
                0x0000000008007844      0x12c ./Drivers/STM32F1xx_HAL_Driver/Src/stm32f1xx_hal_i2c.o
 .text.I2C_RequestMemoryRead
                0x0000000008007970      0x1d0 ./Drivers/STM32F1xx_HAL_Driver/Src/stm32f1xx_hal_i2c.o
 .text.I2C_WaitOnFlagUntilTimeout
                0x0000000008007b40       0xae ./Drivers/STM32F1xx_HAL_Driver/Src/stm32f1xx_hal_i2c.o
 .text.I2C_WaitOnMasterAddressFlagUntilTimeout
                0x0000000008007bee       0xfe ./Drivers/STM32F1xx_HAL_Driver/Src/stm32f1xx_hal_i2c.o
 .text.I2C_WaitOnTXEFlagUntilTimeout
                0x0000000008007cec       0x82 ./Drivers/STM32F1xx_HAL_Driver/Src/stm32f1xx_hal_i2c.o
 .text.I2C_WaitOnBTFFlagUntilTimeout
                0x0000000008007d6e       0x82 ./Drivers/STM32F1xx_HAL_Driver/Src/stm32f1xx_hal_i2c.o
 .text.I2C_WaitOnRXNEFlagUntilTimeout
                0x0000000008007df0       0xac ./Drivers/STM32F1xx_HAL_Driver/Src/stm32f1xx_hal_i2c.o
 .text.I2C_IsAcknowledgeFailed
                0x0000000008007e9c       0x5c ./Drivers/STM32F1xx_HAL_Driver/Src/stm32f1xx_hal_i2c.o
 .text.HAL_RCC_OscConfig
                0x0000000008007ef8      0x500 ./Drivers/STM32F1xx_HAL_Driver/Src/stm32f1xx_hal_rcc.o
                0x0000000008007ef8                HAL_RCC_OscConfig
 .text.HAL_RCC_ClockConfig
                0x00000000080083f8      0x1d4 ./Drivers/STM32F1xx_HAL_Driver/Src/stm32f1xx_hal_rcc.o
                0x00000000080083f8                HAL_RCC_ClockConfig
 .text.HAL_RCC_GetSysClockFreq
                0x00000000080085cc       0xc0 ./Drivers/STM32F1xx_HAL_Driver/Src/stm32f1xx_hal_rcc.o
                0x00000000080085cc                HAL_RCC_GetSysClockFreq
 .text.HAL_RCC_GetHCLKFreq
                0x000000000800868c       0x14 ./Drivers/STM32F1xx_HAL_Driver/Src/stm32f1xx_hal_rcc.o
                0x000000000800868c                HAL_RCC_GetHCLKFreq
 .text.HAL_RCC_GetPCLK1Freq
                0x00000000080086a0       0x28 ./Drivers/STM32F1xx_HAL_Driver/Src/stm32f1xx_hal_rcc.o
                0x00000000080086a0                HAL_RCC_GetPCLK1Freq
 .text.RCC_Delay
                0x00000000080086c8       0x3c ./Drivers/STM32F1xx_HAL_Driver/Src/stm32f1xx_hal_rcc.o
 .text.sqrt     0x0000000008008704       0x58 c:/program files/stmicroelectronics/stm32cube/stm32cubeide_1.8.0/stm32cubeide/plugins/com.st.stm32cube.ide.mcu.externaltools.gnu-tools-for-stm32.9-2020-q2-update.win32_2.0.0.202105311346/tools/bin/../lib/gcc/arm-none-eabi/9.3.1/../../../../arm-none-eabi/lib/thumb/v7-m/nofp\libm.a(lib_a-w_sqrt.o)
                0x0000000008008704                sqrt
 .text.asinf    0x000000000800875c       0x4c c:/program files/stmicroelectronics/stm32cube/stm32cubeide_1.8.0/stm32cubeide/plugins/com.st.stm32cube.ide.mcu.externaltools.gnu-tools-for-stm32.9-2020-q2-update.win32_2.0.0.202105311346/tools/bin/../lib/gcc/arm-none-eabi/9.3.1/../../../../arm-none-eabi/lib/thumb/v7-m/nofp\libm.a(lib_a-wf_asin.o)
                0x000000000800875c                asinf
 .text.atan2f   0x00000000080087a8        0x4 c:/program files/stmicroelectronics/stm32cube/stm32cubeide_1.8.0/stm32cubeide/plugins/com.st.stm32cube.ide.mcu.externaltools.gnu-tools-for-stm32.9-2020-q2-update.win32_2.0.0.202105311346/tools/bin/../lib/gcc/arm-none-eabi/9.3.1/../../../../arm-none-eabi/lib/thumb/v7-m/nofp\libm.a(lib_a-wf_atan2.o)
                0x00000000080087a8                atan2f
 .text.__ieee754_sqrt
                0x00000000080087ac      0x158 c:/program files/stmicroelectronics/stm32cube/stm32cubeide_1.8.0/stm32cubeide/plugins/com.st.stm32cube.ide.mcu.externaltools.gnu-tools-for-stm32.9-2020-q2-update.win32_2.0.0.202105311346/tools/bin/../lib/gcc/arm-none-eabi/9.3.1/../../../../arm-none-eabi/lib/thumb/v7-m/nofp\libm.a(lib_a-e_sqrt.o)
                0x00000000080087ac                __ieee754_sqrt
 .text.__ieee754_asinf
                0x0000000008008904      0x288 c:/program files/stmicroelectronics/stm32cube/stm32cubeide_1.8.0/stm32cubeide/plugins/com.st.stm32cube.ide.mcu.externaltools.gnu-tools-for-stm32.9-2020-q2-update.win32_2.0.0.202105311346/tools/bin/../lib/gcc/arm-none-eabi/9.3.1/../../../../arm-none-eabi/lib/thumb/v7-m/nofp\libm.a(lib_a-ef_asin.o)
                0x0000000008008904                __ieee754_asinf
 .text.__ieee754_atan2f
                0x0000000008008b8c      0x10c c:/program files/stmicroelectronics/stm32cube/stm32cubeide_1.8.0/stm32cubeide/plugins/com.st.stm32cube.ide.mcu.externaltools.gnu-tools-for-stm32.9-2020-q2-update.win32_2.0.0.202105311346/tools/bin/../lib/gcc/arm-none-eabi/9.3.1/../../../../arm-none-eabi/lib/thumb/v7-m/nofp\libm.a(lib_a-ef_atan2.o)
                0x0000000008008b8c                __ieee754_atan2f
 .text.__ieee754_sqrtf
                0x0000000008008c98       0xa2 c:/program files/stmicroelectronics/stm32cube/stm32cubeide_1.8.0/stm32cubeide/plugins/com.st.stm32cube.ide.mcu.externaltools.gnu-tools-for-stm32.9-2020-q2-update.win32_2.0.0.202105311346/tools/bin/../lib/gcc/arm-none-eabi/9.3.1/../../../../arm-none-eabi/lib/thumb/v7-m/nofp\libm.a(lib_a-ef_sqrt.o)
                0x0000000008008c98                __ieee754_sqrtf
 *fill*         0x0000000008008d3a        0x2 
 .text.atanf    0x0000000008008d3c      0x218 c:/program files/stmicroelectronics/stm32cube/stm32cubeide_1.8.0/stm32cubeide/plugins/com.st.stm32cube.ide.mcu.externaltools.gnu-tools-for-stm32.9-2020-q2-update.win32_2.0.0.202105311346/tools/bin/../lib/gcc/arm-none-eabi/9.3.1/../../../../arm-none-eabi/lib/thumb/v7-m/nofp\libm.a(lib_a-sf_atan.o)
                0x0000000008008d3c                atanf
 .text.fabsf    0x0000000008008f54        0x6 c:/program files/stmicroelectronics/stm32cube/stm32cubeide_1.8.0/stm32cubeide/plugins/com.st.stm32cube.ide.mcu.externaltools.gnu-tools-for-stm32.9-2020-q2-update.win32_2.0.0.202105311346/tools/bin/../lib/gcc/arm-none-eabi/9.3.1/../../../../arm-none-eabi/lib/thumb/v7-m/nofp\libm.a(lib_a-sf_fabs.o)
                0x0000000008008f54                fabsf
 *fill*         0x0000000008008f5a        0x2 
 .text.nanf     0x0000000008008f5c        0x8 c:/program files/stmicroelectronics/stm32cube/stm32cubeide_1.8.0/stm32cubeide/plugins/com.st.stm32cube.ide.mcu.externaltools.gnu-tools-for-stm32.9-2020-q2-update.win32_2.0.0.202105311346/tools/bin/../lib/gcc/arm-none-eabi/9.3.1/../../../../arm-none-eabi/lib/thumb/v7-m/nofp\libm.a(lib_a-sf_nan.o)
                0x0000000008008f5c                nanf
 .text.__errno  0x0000000008008f64        0xc c:/program files/stmicroelectronics/stm32cube/stm32cubeide_1.8.0/stm32cubeide/plugins/com.st.stm32cube.ide.mcu.externaltools.gnu-tools-for-stm32.9-2020-q2-update.win32_2.0.0.202105311346/tools/bin/../lib/gcc/arm-none-eabi/9.3.1/../../../../arm-none-eabi/lib/thumb/v7-m/nofp\libc_nano.a(lib_a-errno.o)
                0x0000000008008f64                __errno
 .text.__libc_init_array
                0x0000000008008f70       0x48 c:/program files/stmicroelectronics/stm32cube/stm32cubeide_1.8.0/stm32cubeide/plugins/com.st.stm32cube.ide.mcu.externaltools.gnu-tools-for-stm32.9-2020-q2-update.win32_2.0.0.202105311346/tools/bin/../lib/gcc/arm-none-eabi/9.3.1/../../../../arm-none-eabi/lib/thumb/v7-m/nofp\libc_nano.a(lib_a-init.o)
                0x0000000008008f70                __libc_init_array
 .text.memcmp   0x0000000008008fb8       0x1c c:/program files/stmicroelectronics/stm32cube/stm32cubeide_1.8.0/stm32cubeide/plugins/com.st.stm32cube.ide.mcu.externaltools.gnu-tools-for-stm32.9-2020-q2-update.win32_2.0.0.202105311346/tools/bin/../lib/gcc/arm-none-eabi/9.3.1/../../../../arm-none-eabi/lib/thumb/v7-m/nofp\libc_nano.a(lib_a-memcmp.o)
                0x0000000008008fb8                memcmp
 .text.memset   0x0000000008008fd4       0x10 c:/program files/stmicroelectronics/stm32cube/stm32cubeide_1.8.0/stm32cubeide/plugins/com.st.stm32cube.ide.mcu.externaltools.gnu-tools-for-stm32.9-2020-q2-update.win32_2.0.0.202105311346/tools/bin/../lib/gcc/arm-none-eabi/9.3.1/../../../../arm-none-eabi/lib/thumb/v7-m/nofp\libc_nano.a(lib_a-memset.o)
                0x0000000008008fd4                memset
 *(.glue_7)
 .glue_7        0x0000000008008fe4        0x0 linker stubs
 *(.glue_7t)
 .glue_7t       0x0000000008008fe4        0x0 linker stubs
 *(.eh_frame)
 .eh_frame      0x0000000008008fe4        0x0 c:/program files/stmicroelectronics/stm32cube/stm32cubeide_1.8.0/stm32cubeide/plugins/com.st.stm32cube.ide.mcu.externaltools.gnu-tools-for-stm32.9-2020-q2-update.win32_2.0.0.202105311346/tools/bin/../lib/gcc/arm-none-eabi/9.3.1/thumb/v7-m/nofp/crtbegin.o
 *(.init)
 .init          0x0000000008008fe4        0x4 c:/program files/stmicroelectronics/stm32cube/stm32cubeide_1.8.0/stm32cubeide/plugins/com.st.stm32cube.ide.mcu.externaltools.gnu-tools-for-stm32.9-2020-q2-update.win32_2.0.0.202105311346/tools/bin/../lib/gcc/arm-none-eabi/9.3.1/thumb/v7-m/nofp/crti.o
                0x0000000008008fe4                _init
 .init          0x0000000008008fe8        0x8 c:/program files/stmicroelectronics/stm32cube/stm32cubeide_1.8.0/stm32cubeide/plugins/com.st.stm32cube.ide.mcu.externaltools.gnu-tools-for-stm32.9-2020-q2-update.win32_2.0.0.202105311346/tools/bin/../lib/gcc/arm-none-eabi/9.3.1/thumb/v7-m/nofp/crtn.o
 *(.fini)
 .fini          0x0000000008008ff0        0x4 c:/program files/stmicroelectronics/stm32cube/stm32cubeide_1.8.0/stm32cubeide/plugins/com.st.stm32cube.ide.mcu.externaltools.gnu-tools-for-stm32.9-2020-q2-update.win32_2.0.0.202105311346/tools/bin/../lib/gcc/arm-none-eabi/9.3.1/thumb/v7-m/nofp/crti.o
                0x0000000008008ff0                _fini
 .fini          0x0000000008008ff4        0x8 c:/program files/stmicroelectronics/stm32cube/stm32cubeide_1.8.0/stm32cubeide/plugins/com.st.stm32cube.ide.mcu.externaltools.gnu-tools-for-stm32.9-2020-q2-update.win32_2.0.0.202105311346/tools/bin/../lib/gcc/arm-none-eabi/9.3.1/thumb/v7-m/nofp/crtn.o
                0x0000000008008ffc                . = ALIGN (0x4)
                0x0000000008008ffc                _etext = .

.vfp11_veneer   0x0000000008008ffc        0x0
 .vfp11_veneer  0x0000000008008ffc        0x0 linker stubs

.v4_bx          0x0000000008008ffc        0x0
 .v4_bx         0x0000000008008ffc        0x0 linker stubs

.iplt           0x0000000008008ffc        0x0
 .iplt          0x0000000008008ffc        0x0 c:/program files/stmicroelectronics/stm32cube/stm32cubeide_1.8.0/stm32cubeide/plugins/com.st.stm32cube.ide.mcu.externaltools.gnu-tools-for-stm32.9-2020-q2-update.win32_2.0.0.202105311346/tools/bin/../lib/gcc/arm-none-eabi/9.3.1/thumb/v7-m/nofp/crtbegin.o

.rodata         0x0000000008008ffc     0x3978
                0x0000000008008ffc                . = ALIGN (0x4)
 *(.rodata)
 .rodata        0x0000000008008ffc       0x10 ./Drivers/STM32F1xx_HAL_Driver/Src/stm32f1xx_hal_rcc.o
 *(.rodata*)
 .rodata._ZTV13ICM_20948_I2C
                0x000000000800900c        0xc ./Core/Src/ICM_20948.o
                0x000000000800900c                vtable for ICM_20948_I2C
 .rodata.dmp3_image
                0x0000000008009018     0x37dd ./Core/Src/ICM_20948_C.o
                0x0000000008009018                dmp3_image
 *fill*         0x000000000800c7f5        0x3 
 .rodata.DMP_Quat9_Byte_Ordering
                0x000000000800c7f8       0x38 ./Core/Src/ICM_20948_C.o
                0x000000000800c7f8                DMP_Quat9_Byte_Ordering
 .rodata.DMP_Quat6_Byte_Ordering
                0x000000000800c830       0x30 ./Core/Src/ICM_20948_C.o
                0x000000000800c830                DMP_Quat6_Byte_Ordering
 .rodata.DMP_PQuat6_Byte_Ordering
                0x000000000800c860       0x18 ./Core/Src/ICM_20948_C.o
                0x000000000800c860                DMP_PQuat6_Byte_Ordering
 .rodata.DMP_Raw_Gyro_Byte_Ordering
                0x000000000800c878       0x30 ./Core/Src/ICM_20948_C.o
                0x000000000800c878                DMP_Raw_Gyro_Byte_Ordering
 .rodata.DMP_Activity_Recognition_Byte_Ordering
                0x000000000800c8a8       0x18 ./Core/Src/ICM_20948_C.o
                0x000000000800c8a8                DMP_Activity_Recognition_Byte_Ordering
 .rodata.DMP_Secondary_On_Off_Byte_Ordering
                0x000000000800c8c0        0x8 ./Core/Src/ICM_20948_C.o
                0x000000000800c8c0                DMP_Secondary_On_Off_Byte_Ordering
 .rodata.inv_androidSensor_to_control_bits
                0x000000000800c8c8       0x58 ./Core/Src/ICM_20948_C.o
                0x000000000800c8c8                inv_androidSensor_to_control_bits
 .rodata.AHBPrescTable
                0x000000000800c920       0x10 ./Core/Src/system_stm32f1xx.o
                0x000000000800c920                AHBPrescTable
 .rodata.APBPrescTable
                0x000000000800c930        0x8 ./Core/Src/system_stm32f1xx.o
                0x000000000800c930                APBPrescTable
 .rodata.asinf.str1.1
                0x000000000800c938        0x1 c:/program files/stmicroelectronics/stm32cube/stm32cubeide_1.8.0/stm32cubeide/plugins/com.st.stm32cube.ide.mcu.externaltools.gnu-tools-for-stm32.9-2020-q2-update.win32_2.0.0.202105311346/tools/bin/../lib/gcc/arm-none-eabi/9.3.1/../../../../arm-none-eabi/lib/thumb/v7-m/nofp\libm.a(lib_a-wf_asin.o)
 *fill*         0x000000000800c939        0x3 
 .rodata.CSWTCH.8
                0x000000000800c93c        0xc c:/program files/stmicroelectronics/stm32cube/stm32cubeide_1.8.0/stm32cubeide/plugins/com.st.stm32cube.ide.mcu.externaltools.gnu-tools-for-stm32.9-2020-q2-update.win32_2.0.0.202105311346/tools/bin/../lib/gcc/arm-none-eabi/9.3.1/../../../../arm-none-eabi/lib/thumb/v7-m/nofp\libm.a(lib_a-ef_atan2.o)
 .rodata.CSWTCH.9
                0x000000000800c948        0xc c:/program files/stmicroelectronics/stm32cube/stm32cubeide_1.8.0/stm32cubeide/plugins/com.st.stm32cube.ide.mcu.externaltools.gnu-tools-for-stm32.9-2020-q2-update.win32_2.0.0.202105311346/tools/bin/../lib/gcc/arm-none-eabi/9.3.1/../../../../arm-none-eabi/lib/thumb/v7-m/nofp\libm.a(lib_a-ef_atan2.o)
 .rodata.atanhi
                0x000000000800c954       0x10 c:/program files/stmicroelectronics/stm32cube/stm32cubeide_1.8.0/stm32cubeide/plugins/com.st.stm32cube.ide.mcu.externaltools.gnu-tools-for-stm32.9-2020-q2-update.win32_2.0.0.202105311346/tools/bin/../lib/gcc/arm-none-eabi/9.3.1/../../../../arm-none-eabi/lib/thumb/v7-m/nofp\libm.a(lib_a-sf_atan.o)
 .rodata.atanlo
                0x000000000800c964       0x10 c:/program files/stmicroelectronics/stm32cube/stm32cubeide_1.8.0/stm32cubeide/plugins/com.st.stm32cube.ide.mcu.externaltools.gnu-tools-for-stm32.9-2020-q2-update.win32_2.0.0.202105311346/tools/bin/../lib/gcc/arm-none-eabi/9.3.1/../../../../arm-none-eabi/lib/thumb/v7-m/nofp\libm.a(lib_a-sf_atan.o)
                0x000000000800c974                . = ALIGN (0x4)

.ARM.extab      0x000000000800c974        0x0
                0x000000000800c974                . = ALIGN (0x4)
 *(.ARM.extab* .gnu.linkonce.armextab.*)
                0x000000000800c974                . = ALIGN (0x4)

.ARM            0x000000000800c974        0x8
                0x000000000800c974                . = ALIGN (0x4)
                0x000000000800c974                __exidx_start = .
 *(.ARM.exidx*)
 .ARM.exidx     0x000000000800c974        0x8 c:/program files/stmicroelectronics/stm32cube/stm32cubeide_1.8.0/stm32cubeide/plugins/com.st.stm32cube.ide.mcu.externaltools.gnu-tools-for-stm32.9-2020-q2-update.win32_2.0.0.202105311346/tools/bin/../lib/gcc/arm-none-eabi/9.3.1/thumb/v7-m/nofp\libgcc.a(_udivmoddi4.o)
                0x000000000800c97c                __exidx_end = .
                0x000000000800c97c                . = ALIGN (0x4)

.rel.dyn        0x000000000800c97c        0x0
 .rel.iplt      0x000000000800c97c        0x0 c:/program files/stmicroelectronics/stm32cube/stm32cubeide_1.8.0/stm32cubeide/plugins/com.st.stm32cube.ide.mcu.externaltools.gnu-tools-for-stm32.9-2020-q2-update.win32_2.0.0.202105311346/tools/bin/../lib/gcc/arm-none-eabi/9.3.1/thumb/v7-m/nofp/crtbegin.o

.preinit_array  0x000000000800c97c        0x0
                0x000000000800c97c                . = ALIGN (0x4)
                0x000000000800c97c                PROVIDE (__preinit_array_start = .)
 *(.preinit_array*)
                0x000000000800c97c                PROVIDE (__preinit_array_end = .)
                0x000000000800c97c                . = ALIGN (0x4)

.init_array     0x000000000800c97c        0x4
                0x000000000800c97c                . = ALIGN (0x4)
                0x000000000800c97c                PROVIDE (__init_array_start = .)
 *(SORT_BY_NAME(.init_array.*))
 *(.init_array*)
 .init_array    0x000000000800c97c        0x4 c:/program files/stmicroelectronics/stm32cube/stm32cubeide_1.8.0/stm32cubeide/plugins/com.st.stm32cube.ide.mcu.externaltools.gnu-tools-for-stm32.9-2020-q2-update.win32_2.0.0.202105311346/tools/bin/../lib/gcc/arm-none-eabi/9.3.1/thumb/v7-m/nofp/crtbegin.o
                0x000000000800c980                PROVIDE (__init_array_end = .)
                0x000000000800c980                . = ALIGN (0x4)

.fini_array     0x000000000800c980        0x4
                0x000000000800c980                . = ALIGN (0x4)
                [!provide]                        PROVIDE (__fini_array_start = .)
 *(SORT_BY_NAME(.fini_array.*))
 *(.fini_array*)
 .fini_array    0x000000000800c980        0x4 c:/program files/stmicroelectronics/stm32cube/stm32cubeide_1.8.0/stm32cubeide/plugins/com.st.stm32cube.ide.mcu.externaltools.gnu-tools-for-stm32.9-2020-q2-update.win32_2.0.0.202105311346/tools/bin/../lib/gcc/arm-none-eabi/9.3.1/thumb/v7-m/nofp/crtbegin.o
                [!provide]                        PROVIDE (__fini_array_end = .)
                0x000000000800c984                . = ALIGN (0x4)
                0x000000000800c984                _sidata = LOADADDR (.data)

.data           0x0000000020000000       0x70 load address 0x000000000800c984
                0x0000000020000000                . = ALIGN (0x4)
                0x0000000020000000                _sdata = .
 *(.data)
 *(.data*)
 .data.SystemCoreClock
                0x0000000020000000        0x4 ./Core/Src/system_stm32f1xx.o
                0x0000000020000000                SystemCoreClock
 .data.uwTickPrio
                0x0000000020000004        0x4 ./Drivers/STM32F1xx_HAL_Driver/Src/stm32f1xx_hal.o
                0x0000000020000004                uwTickPrio
 .data.uwTickFreq
                0x0000000020000008        0x1 ./Drivers/STM32F1xx_HAL_Driver/Src/stm32f1xx_hal.o
                0x0000000020000008                uwTickFreq
 .data.__fdlib_version
                0x0000000020000009        0x1 c:/program files/stmicroelectronics/stm32cube/stm32cubeide_1.8.0/stm32cubeide/plugins/com.st.stm32cube.ide.mcu.externaltools.gnu-tools-for-stm32.9-2020-q2-update.win32_2.0.0.202105311346/tools/bin/../lib/gcc/arm-none-eabi/9.3.1/../../../../arm-none-eabi/lib/thumb/v7-m/nofp\libm.a(lib_a-s_lib_ver.o)
                0x0000000020000009                __fdlib_version
 *fill*         0x000000002000000a        0x2 
 .data._impure_ptr
                0x000000002000000c        0x4 c:/program files/stmicroelectronics/stm32cube/stm32cubeide_1.8.0/stm32cubeide/plugins/com.st.stm32cube.ide.mcu.externaltools.gnu-tools-for-stm32.9-2020-q2-update.win32_2.0.0.202105311346/tools/bin/../lib/gcc/arm-none-eabi/9.3.1/../../../../arm-none-eabi/lib/thumb/v7-m/nofp\libc_nano.a(lib_a-impure.o)
                0x000000002000000c                _impure_ptr
 .data.impure_data
                0x0000000020000010       0x60 c:/program files/stmicroelectronics/stm32cube/stm32cubeide_1.8.0/stm32cubeide/plugins/com.st.stm32cube.ide.mcu.externaltools.gnu-tools-for-stm32.9-2020-q2-update.win32_2.0.0.202105311346/tools/bin/../lib/gcc/arm-none-eabi/9.3.1/../../../../arm-none-eabi/lib/thumb/v7-m/nofp\libc_nano.a(lib_a-impure.o)
 *(.RamFunc)
 *(.RamFunc*)
                0x0000000020000070                . = ALIGN (0x4)
                0x0000000020000070                _edata = .

.igot.plt       0x0000000020000070        0x0 load address 0x000000000800c9f4
 .igot.plt      0x0000000020000070        0x0 c:/program files/stmicroelectronics/stm32cube/stm32cubeide_1.8.0/stm32cubeide/plugins/com.st.stm32cube.ide.mcu.externaltools.gnu-tools-for-stm32.9-2020-q2-update.win32_2.0.0.202105311346/tools/bin/../lib/gcc/arm-none-eabi/9.3.1/thumb/v7-m/nofp/crtbegin.o
                0x0000000020000070                . = ALIGN (0x4)

.bss            0x0000000020000070      0x10c load address 0x000000000800c9f4
                0x0000000020000070                _sbss = .
                0x0000000020000070                __bss_start__ = _sbss
 *(.bss)
 .bss           0x0000000020000070       0x1c c:/program files/stmicroelectronics/stm32cube/stm32cubeide_1.8.0/stm32cubeide/plugins/com.st.stm32cube.ide.mcu.externaltools.gnu-tools-for-stm32.9-2020-q2-update.win32_2.0.0.202105311346/tools/bin/../lib/gcc/arm-none-eabi/9.3.1/thumb/v7-m/nofp/crtbegin.o
 *(.bss*)
 .bss.hcan      0x000000002000008c       0x28 ./Core/Src/main.o
                0x000000002000008c                hcan
 .bss.hi2c2     0x00000000200000b4       0x54 ./Core/Src/main.o
                0x00000000200000b4                hi2c2
 .bss.TxHeader  0x0000000020000108       0x18 ./Core/Src/main.o
                0x0000000020000108                TxHeader
 .bss.success   0x0000000020000120        0x1 ./Core/Src/main.o
                0x0000000020000120                success
 *fill*         0x0000000020000121        0x7 
 .bss.q0        0x0000000020000128        0x8 ./Core/Src/main.o
                0x0000000020000128                q0
 .bss.q1        0x0000000020000130        0x8 ./Core/Src/main.o
                0x0000000020000130                q1
 .bss.q2        0x0000000020000138        0x8 ./Core/Src/main.o
                0x0000000020000138                q2
 .bss.q3        0x0000000020000140        0x8 ./Core/Src/main.o
                0x0000000020000140                q3
 .bss.roll      0x0000000020000148        0x4 ./Core/Src/main.o
                0x0000000020000148                roll
 .bss.pitch     0x000000002000014c        0x4 ./Core/Src/main.o
                0x000000002000014c                pitch
 .bss.yaw       0x0000000020000150        0x4 ./Core/Src/main.o
                0x0000000020000150                yaw
 .bss.ax        0x0000000020000154        0x4 ./Core/Src/main.o
                0x0000000020000154                ax
 .bss.ay        0x0000000020000158        0x4 ./Core/Src/main.o
                0x0000000020000158                ay
 .bss.az        0x000000002000015c        0x4 ./Core/Src/main.o
                0x000000002000015c                az
 .bss.gx        0x0000000020000160        0x4 ./Core/Src/main.o
                0x0000000020000160                gx
 .bss.gy        0x0000000020000164        0x4 ./Core/Src/main.o
                0x0000000020000164                gy
 .bss.gz        0x0000000020000168        0x4 ./Core/Src/main.o
                0x0000000020000168                gz
 .bss.mx        0x000000002000016c        0x4 ./Core/Src/main.o
                0x000000002000016c                mx
 .bss.my        0x0000000020000170        0x4 ./Core/Src/main.o
                0x0000000020000170                my
 .bss.mz        0x0000000020000174        0x4 ./Core/Src/main.o
                0x0000000020000174                mz
 *(COMMON)
 COMMON         0x0000000020000178        0x4 ./Drivers/STM32F1xx_HAL_Driver/Src/stm32f1xx_hal.o
                0x0000000020000178                uwTick
                0x000000002000017c                . = ALIGN (0x4)
                0x000000002000017c                _ebss = .
                0x000000002000017c                __bss_end__ = _ebss

._user_heap_stack
                0x000000002000017c      0x604 load address 0x000000000800c9f4
                0x0000000020000180                . = ALIGN (0x8)
 *fill*         0x000000002000017c        0x4 
                [!provide]                        PROVIDE (end = .)
                0x0000000020000180                PROVIDE (_end = .)
                0x0000000020000380                . = (. + _Min_Heap_Size)
 *fill*         0x0000000020000180      0x200 
                0x0000000020000780                . = (. + _Min_Stack_Size)
 *fill*         0x0000000020000380      0x400 
                0x0000000020000780                . = ALIGN (0x8)

/DISCARD/
 libc.a(*)
 libm.a(*)
 libgcc.a(*)

.ARM.attributes
                0x0000000000000000       0x29
 *(.ARM.attributes)
 .ARM.attributes
                0x0000000000000000       0x1d c:/program files/stmicroelectronics/stm32cube/stm32cubeide_1.8.0/stm32cubeide/plugins/com.st.stm32cube.ide.mcu.externaltools.gnu-tools-for-stm32.9-2020-q2-update.win32_2.0.0.202105311346/tools/bin/../lib/gcc/arm-none-eabi/9.3.1/thumb/v7-m/nofp/crti.o
 .ARM.attributes
                0x000000000000001d       0x2d c:/program files/stmicroelectronics/stm32cube/stm32cubeide_1.8.0/stm32cubeide/plugins/com.st.stm32cube.ide.mcu.externaltools.gnu-tools-for-stm32.9-2020-q2-update.win32_2.0.0.202105311346/tools/bin/../lib/gcc/arm-none-eabi/9.3.1/thumb/v7-m/nofp/crtbegin.o
 .ARM.attributes
                0x000000000000004a       0x2d ./Core/Src/ICM_20948.o
 .ARM.attributes
                0x0000000000000077       0x2d ./Core/Src/ICM_20948_C.o
 .ARM.attributes
                0x00000000000000a4       0x2d ./Core/Src/main.o
 .ARM.attributes
                0x00000000000000d1       0x2d ./Core/Src/stm32f1xx_hal_msp.o
 .ARM.attributes
                0x00000000000000fe       0x2d ./Core/Src/stm32f1xx_it.o
 .ARM.attributes
                0x000000000000012b       0x2d ./Core/Src/system_stm32f1xx.o
 .ARM.attributes
                0x0000000000000158       0x21 ./Core/Startup/startup_stm32f103c8tx.o
 .ARM.attributes
                0x0000000000000179       0x2d ./Drivers/STM32F1xx_HAL_Driver/Src/stm32f1xx_hal.o
 .ARM.attributes
                0x00000000000001a6       0x2d ./Drivers/STM32F1xx_HAL_Driver/Src/stm32f1xx_hal_can.o
 .ARM.attributes
                0x00000000000001d3       0x2d ./Drivers/STM32F1xx_HAL_Driver/Src/stm32f1xx_hal_cortex.o
 .ARM.attributes
                0x0000000000000200       0x2d ./Drivers/STM32F1xx_HAL_Driver/Src/stm32f1xx_hal_gpio.o
 .ARM.attributes
                0x000000000000022d       0x2d ./Drivers/STM32F1xx_HAL_Driver/Src/stm32f1xx_hal_i2c.o
 .ARM.attributes
                0x000000000000025a       0x2d ./Drivers/STM32F1xx_HAL_Driver/Src/stm32f1xx_hal_rcc.o
 .ARM.attributes
                0x0000000000000287       0x2d c:/program files/stmicroelectronics/stm32cube/stm32cubeide_1.8.0/stm32cubeide/plugins/com.st.stm32cube.ide.mcu.externaltools.gnu-tools-for-stm32.9-2020-q2-update.win32_2.0.0.202105311346/tools/bin/../lib/gcc/arm-none-eabi/9.3.1/../../../../arm-none-eabi/lib/thumb/v7-m/nofp\libm.a(lib_a-w_sqrt.o)
 .ARM.attributes
                0x00000000000002b4       0x2d c:/program files/stmicroelectronics/stm32cube/stm32cubeide_1.8.0/stm32cubeide/plugins/com.st.stm32cube.ide.mcu.externaltools.gnu-tools-for-stm32.9-2020-q2-update.win32_2.0.0.202105311346/tools/bin/../lib/gcc/arm-none-eabi/9.3.1/../../../../arm-none-eabi/lib/thumb/v7-m/nofp\libm.a(lib_a-wf_asin.o)
 .ARM.attributes
                0x00000000000002e1       0x2d c:/program files/stmicroelectronics/stm32cube/stm32cubeide_1.8.0/stm32cubeide/plugins/com.st.stm32cube.ide.mcu.externaltools.gnu-tools-for-stm32.9-2020-q2-update.win32_2.0.0.202105311346/tools/bin/../lib/gcc/arm-none-eabi/9.3.1/../../../../arm-none-eabi/lib/thumb/v7-m/nofp\libm.a(lib_a-wf_atan2.o)
 .ARM.attributes
                0x000000000000030e       0x2d c:/program files/stmicroelectronics/stm32cube/stm32cubeide_1.8.0/stm32cubeide/plugins/com.st.stm32cube.ide.mcu.externaltools.gnu-tools-for-stm32.9-2020-q2-update.win32_2.0.0.202105311346/tools/bin/../lib/gcc/arm-none-eabi/9.3.1/../../../../arm-none-eabi/lib/thumb/v7-m/nofp\libm.a(lib_a-e_sqrt.o)
 .ARM.attributes
                0x000000000000033b       0x2d c:/program files/stmicroelectronics/stm32cube/stm32cubeide_1.8.0/stm32cubeide/plugins/com.st.stm32cube.ide.mcu.externaltools.gnu-tools-for-stm32.9-2020-q2-update.win32_2.0.0.202105311346/tools/bin/../lib/gcc/arm-none-eabi/9.3.1/../../../../arm-none-eabi/lib/thumb/v7-m/nofp\libm.a(lib_a-ef_asin.o)
 .ARM.attributes
                0x0000000000000368       0x2d c:/program files/stmicroelectronics/stm32cube/stm32cubeide_1.8.0/stm32cubeide/plugins/com.st.stm32cube.ide.mcu.externaltools.gnu-tools-for-stm32.9-2020-q2-update.win32_2.0.0.202105311346/tools/bin/../lib/gcc/arm-none-eabi/9.3.1/../../../../arm-none-eabi/lib/thumb/v7-m/nofp\libm.a(lib_a-ef_atan2.o)
 .ARM.attributes
                0x0000000000000395       0x2d c:/program files/stmicroelectronics/stm32cube/stm32cubeide_1.8.0/stm32cubeide/plugins/com.st.stm32cube.ide.mcu.externaltools.gnu-tools-for-stm32.9-2020-q2-update.win32_2.0.0.202105311346/tools/bin/../lib/gcc/arm-none-eabi/9.3.1/../../../../arm-none-eabi/lib/thumb/v7-m/nofp\libm.a(lib_a-ef_sqrt.o)
 .ARM.attributes
                0x00000000000003c2       0x2d c:/program files/stmicroelectronics/stm32cube/stm32cubeide_1.8.0/stm32cubeide/plugins/com.st.stm32cube.ide.mcu.externaltools.gnu-tools-for-stm32.9-2020-q2-update.win32_2.0.0.202105311346/tools/bin/../lib/gcc/arm-none-eabi/9.3.1/../../../../arm-none-eabi/lib/thumb/v7-m/nofp\libm.a(lib_a-s_lib_ver.o)
 .ARM.attributes
                0x00000000000003ef       0x2d c:/program files/stmicroelectronics/stm32cube/stm32cubeide_1.8.0/stm32cubeide/plugins/com.st.stm32cube.ide.mcu.externaltools.gnu-tools-for-stm32.9-2020-q2-update.win32_2.0.0.202105311346/tools/bin/../lib/gcc/arm-none-eabi/9.3.1/../../../../arm-none-eabi/lib/thumb/v7-m/nofp\libm.a(lib_a-sf_atan.o)
 .ARM.attributes
                0x000000000000041c       0x2d c:/program files/stmicroelectronics/stm32cube/stm32cubeide_1.8.0/stm32cubeide/plugins/com.st.stm32cube.ide.mcu.externaltools.gnu-tools-for-stm32.9-2020-q2-update.win32_2.0.0.202105311346/tools/bin/../lib/gcc/arm-none-eabi/9.3.1/../../../../arm-none-eabi/lib/thumb/v7-m/nofp\libm.a(lib_a-sf_fabs.o)
 .ARM.attributes
                0x0000000000000449       0x2d c:/program files/stmicroelectronics/stm32cube/stm32cubeide_1.8.0/stm32cubeide/plugins/com.st.stm32cube.ide.mcu.externaltools.gnu-tools-for-stm32.9-2020-q2-update.win32_2.0.0.202105311346/tools/bin/../lib/gcc/arm-none-eabi/9.3.1/../../../../arm-none-eabi/lib/thumb/v7-m/nofp\libm.a(lib_a-sf_nan.o)
 .ARM.attributes
                0x0000000000000476       0x2d c:/program files/stmicroelectronics/stm32cube/stm32cubeide_1.8.0/stm32cubeide/plugins/com.st.stm32cube.ide.mcu.externaltools.gnu-tools-for-stm32.9-2020-q2-update.win32_2.0.0.202105311346/tools/bin/../lib/gcc/arm-none-eabi/9.3.1/../../../../arm-none-eabi/lib/thumb/v7-m/nofp\libc_nano.a(lib_a-errno.o)
 .ARM.attributes
                0x00000000000004a3       0x2d c:/program files/stmicroelectronics/stm32cube/stm32cubeide_1.8.0/stm32cubeide/plugins/com.st.stm32cube.ide.mcu.externaltools.gnu-tools-for-stm32.9-2020-q2-update.win32_2.0.0.202105311346/tools/bin/../lib/gcc/arm-none-eabi/9.3.1/../../../../arm-none-eabi/lib/thumb/v7-m/nofp\libc_nano.a(lib_a-impure.o)
 .ARM.attributes
                0x00000000000004d0       0x2d c:/program files/stmicroelectronics/stm32cube/stm32cubeide_1.8.0/stm32cubeide/plugins/com.st.stm32cube.ide.mcu.externaltools.gnu-tools-for-stm32.9-2020-q2-update.win32_2.0.0.202105311346/tools/bin/../lib/gcc/arm-none-eabi/9.3.1/../../../../arm-none-eabi/lib/thumb/v7-m/nofp\libc_nano.a(lib_a-init.o)
 .ARM.attributes
                0x00000000000004fd       0x2d c:/program files/stmicroelectronics/stm32cube/stm32cubeide_1.8.0/stm32cubeide/plugins/com.st.stm32cube.ide.mcu.externaltools.gnu-tools-for-stm32.9-2020-q2-update.win32_2.0.0.202105311346/tools/bin/../lib/gcc/arm-none-eabi/9.3.1/../../../../arm-none-eabi/lib/thumb/v7-m/nofp\libc_nano.a(lib_a-memcmp.o)
 .ARM.attributes
                0x000000000000052a       0x2d c:/program files/stmicroelectronics/stm32cube/stm32cubeide_1.8.0/stm32cubeide/plugins/com.st.stm32cube.ide.mcu.externaltools.gnu-tools-for-stm32.9-2020-q2-update.win32_2.0.0.202105311346/tools/bin/../lib/gcc/arm-none-eabi/9.3.1/../../../../arm-none-eabi/lib/thumb/v7-m/nofp\libc_nano.a(lib_a-memset.o)
 .ARM.attributes
                0x0000000000000557       0x1d c:/program files/stmicroelectronics/stm32cube/stm32cubeide_1.8.0/stm32cubeide/plugins/com.st.stm32cube.ide.mcu.externaltools.gnu-tools-for-stm32.9-2020-q2-update.win32_2.0.0.202105311346/tools/bin/../lib/gcc/arm-none-eabi/9.3.1/thumb/v7-m/nofp\libgcc.a(_arm_addsubdf3.o)
 .ARM.attributes
                0x0000000000000574       0x1d c:/program files/stmicroelectronics/stm32cube/stm32cubeide_1.8.0/stm32cubeide/plugins/com.st.stm32cube.ide.mcu.externaltools.gnu-tools-for-stm32.9-2020-q2-update.win32_2.0.0.202105311346/tools/bin/../lib/gcc/arm-none-eabi/9.3.1/thumb/v7-m/nofp\libgcc.a(_arm_muldivdf3.o)
 .ARM.attributes
                0x0000000000000591       0x1d c:/program files/stmicroelectronics/stm32cube/stm32cubeide_1.8.0/stm32cubeide/plugins/com.st.stm32cube.ide.mcu.externaltools.gnu-tools-for-stm32.9-2020-q2-update.win32_2.0.0.202105311346/tools/bin/../lib/gcc/arm-none-eabi/9.3.1/thumb/v7-m/nofp\libgcc.a(_arm_cmpdf2.o)
 .ARM.attributes
                0x00000000000005ae       0x1d c:/program files/stmicroelectronics/stm32cube/stm32cubeide_1.8.0/stm32cubeide/plugins/com.st.stm32cube.ide.mcu.externaltools.gnu-tools-for-stm32.9-2020-q2-update.win32_2.0.0.202105311346/tools/bin/../lib/gcc/arm-none-eabi/9.3.1/thumb/v7-m/nofp\libgcc.a(_arm_unorddf2.o)
 .ARM.attributes
                0x00000000000005cb       0x1d c:/program files/stmicroelectronics/stm32cube/stm32cubeide_1.8.0/stm32cubeide/plugins/com.st.stm32cube.ide.mcu.externaltools.gnu-tools-for-stm32.9-2020-q2-update.win32_2.0.0.202105311346/tools/bin/../lib/gcc/arm-none-eabi/9.3.1/thumb/v7-m/nofp\libgcc.a(_arm_truncdfsf2.o)
 .ARM.attributes
                0x00000000000005e8       0x1d c:/program files/stmicroelectronics/stm32cube/stm32cubeide_1.8.0/stm32cubeide/plugins/com.st.stm32cube.ide.mcu.externaltools.gnu-tools-for-stm32.9-2020-q2-update.win32_2.0.0.202105311346/tools/bin/../lib/gcc/arm-none-eabi/9.3.1/thumb/v7-m/nofp\libgcc.a(_arm_addsubsf3.o)
 .ARM.attributes
                0x0000000000000605       0x1d c:/program files/stmicroelectronics/stm32cube/stm32cubeide_1.8.0/stm32cubeide/plugins/com.st.stm32cube.ide.mcu.externaltools.gnu-tools-for-stm32.9-2020-q2-update.win32_2.0.0.202105311346/tools/bin/../lib/gcc/arm-none-eabi/9.3.1/thumb/v7-m/nofp\libgcc.a(_arm_muldivsf3.o)
 .ARM.attributes
                0x0000000000000622       0x1d c:/program files/stmicroelectronics/stm32cube/stm32cubeide_1.8.0/stm32cubeide/plugins/com.st.stm32cube.ide.mcu.externaltools.gnu-tools-for-stm32.9-2020-q2-update.win32_2.0.0.202105311346/tools/bin/../lib/gcc/arm-none-eabi/9.3.1/thumb/v7-m/nofp\libgcc.a(_arm_cmpsf2.o)
 .ARM.attributes
                0x000000000000063f       0x1d c:/program files/stmicroelectronics/stm32cube/stm32cubeide_1.8.0/stm32cubeide/plugins/com.st.stm32cube.ide.mcu.externaltools.gnu-tools-for-stm32.9-2020-q2-update.win32_2.0.0.202105311346/tools/bin/../lib/gcc/arm-none-eabi/9.3.1/thumb/v7-m/nofp\libgcc.a(_arm_unordsf2.o)
 .ARM.attributes
                0x000000000000065c       0x1d c:/program files/stmicroelectronics/stm32cube/stm32cubeide_1.8.0/stm32cubeide/plugins/com.st.stm32cube.ide.mcu.externaltools.gnu-tools-for-stm32.9-2020-q2-update.win32_2.0.0.202105311346/tools/bin/../lib/gcc/arm-none-eabi/9.3.1/thumb/v7-m/nofp\libgcc.a(_aeabi_uldivmod.o)
 .ARM.attributes
                0x0000000000000679       0x2d c:/program files/stmicroelectronics/stm32cube/stm32cubeide_1.8.0/stm32cubeide/plugins/com.st.stm32cube.ide.mcu.externaltools.gnu-tools-for-stm32.9-2020-q2-update.win32_2.0.0.202105311346/tools/bin/../lib/gcc/arm-none-eabi/9.3.1/thumb/v7-m/nofp\libgcc.a(_udivmoddi4.o)
 .ARM.attributes
                0x00000000000006a6       0x1d c:/program files/stmicroelectronics/stm32cube/stm32cubeide_1.8.0/stm32cubeide/plugins/com.st.stm32cube.ide.mcu.externaltools.gnu-tools-for-stm32.9-2020-q2-update.win32_2.0.0.202105311346/tools/bin/../lib/gcc/arm-none-eabi/9.3.1/thumb/v7-m/nofp\libgcc.a(_dvmd_tls.o)
 .ARM.attributes
                0x00000000000006c3       0x1d c:/program files/stmicroelectronics/stm32cube/stm32cubeide_1.8.0/stm32cubeide/plugins/com.st.stm32cube.ide.mcu.externaltools.gnu-tools-for-stm32.9-2020-q2-update.win32_2.0.0.202105311346/tools/bin/../lib/gcc/arm-none-eabi/9.3.1/thumb/v7-m/nofp/crtn.o
OUTPUT(ICM20948_STM32Library.elf elf32-littlearm)
LOAD linker stubs
LOAD c:/program files/stmicroelectronics/stm32cube/stm32cubeide_1.8.0/stm32cubeide/plugins/com.st.stm32cube.ide.mcu.externaltools.gnu-tools-for-stm32.9-2020-q2-update.win32_2.0.0.202105311346/tools/bin/../lib/gcc/arm-none-eabi/9.3.1/../../../../arm-none-eabi/lib/thumb/v7-m/nofp\libc.a
LOAD c:/program files/stmicroelectronics/stm32cube/stm32cubeide_1.8.0/stm32cubeide/plugins/com.st.stm32cube.ide.mcu.externaltools.gnu-tools-for-stm32.9-2020-q2-update.win32_2.0.0.202105311346/tools/bin/../lib/gcc/arm-none-eabi/9.3.1/../../../../arm-none-eabi/lib/thumb/v7-m/nofp\libm.a
LOAD c:/program files/stmicroelectronics/stm32cube/stm32cubeide_1.8.0/stm32cubeide/plugins/com.st.stm32cube.ide.mcu.externaltools.gnu-tools-for-stm32.9-2020-q2-update.win32_2.0.0.202105311346/tools/bin/../lib/gcc/arm-none-eabi/9.3.1/thumb/v7-m/nofp\libgcc.a

.debug_info     0x0000000000000000    0x133f2
 .debug_info    0x0000000000000000     0x3b93 ./Core/Src/ICM_20948.o
 .debug_info    0x0000000000003b93     0x373b ./Core/Src/ICM_20948_C.o
 .debug_info    0x00000000000072ce     0x5389 ./Core/Src/main.o
 .debug_info    0x000000000000c657      0xdb7 ./Core/Src/stm32f1xx_hal_msp.o
 .debug_info    0x000000000000d40e      0x222 ./Core/Src/stm32f1xx_it.o
 .debug_info    0x000000000000d630      0x2be ./Core/Src/system_stm32f1xx.o
 .debug_info    0x000000000000d8ee       0x22 ./Core/Startup/startup_stm32f103c8tx.o
 .debug_info    0x000000000000d910      0x76a ./Drivers/STM32F1xx_HAL_Driver/Src/stm32f1xx_hal.o
 .debug_info    0x000000000000e07a     0x107f ./Drivers/STM32F1xx_HAL_Driver/Src/stm32f1xx_hal_can.o
 .debug_info    0x000000000000f0f9      0xbdc ./Drivers/STM32F1xx_HAL_Driver/Src/stm32f1xx_hal_cortex.o
 .debug_info    0x000000000000fcd5      0x701 ./Drivers/STM32F1xx_HAL_Driver/Src/stm32f1xx_hal_gpio.o
 .debug_info    0x00000000000103d6     0x278e ./Drivers/STM32F1xx_HAL_Driver/Src/stm32f1xx_hal_i2c.o
 .debug_info    0x0000000000012b64      0x88e ./Drivers/STM32F1xx_HAL_Driver/Src/stm32f1xx_hal_rcc.o

.debug_abbrev   0x0000000000000000     0x1fc3
 .debug_abbrev  0x0000000000000000      0x48c ./Core/Src/ICM_20948.o
 .debug_abbrev  0x000000000000048c      0x336 ./Core/Src/ICM_20948_C.o
 .debug_abbrev  0x00000000000007c2      0x5c9 ./Core/Src/main.o
 .debug_abbrev  0x0000000000000d8b      0x1ee ./Core/Src/stm32f1xx_hal_msp.o
 .debug_abbrev  0x0000000000000f79       0xd2 ./Core/Src/stm32f1xx_it.o
 .debug_abbrev  0x000000000000104b      0x14e ./Core/Src/system_stm32f1xx.o
 .debug_abbrev  0x0000000000001199       0x12 ./Core/Startup/startup_stm32f103c8tx.o
 .debug_abbrev  0x00000000000011ab      0x1ed ./Drivers/STM32F1xx_HAL_Driver/Src/stm32f1xx_hal.o
 .debug_abbrev  0x0000000000001398      0x235 ./Drivers/STM32F1xx_HAL_Driver/Src/stm32f1xx_hal_can.o
 .debug_abbrev  0x00000000000015cd      0x313 ./Drivers/STM32F1xx_HAL_Driver/Src/stm32f1xx_hal_cortex.o
 .debug_abbrev  0x00000000000018e0      0x1e8 ./Drivers/STM32F1xx_HAL_Driver/Src/stm32f1xx_hal_gpio.o
 .debug_abbrev  0x0000000000001ac8      0x288 ./Drivers/STM32F1xx_HAL_Driver/Src/stm32f1xx_hal_i2c.o
 .debug_abbrev  0x0000000000001d50      0x273 ./Drivers/STM32F1xx_HAL_Driver/Src/stm32f1xx_hal_rcc.o

.debug_aranges  0x0000000000000000      0xc48
 .debug_aranges
                0x0000000000000000      0x2c0 ./Core/Src/ICM_20948.o
 .debug_aranges
                0x00000000000002c0      0x190 ./Core/Src/ICM_20948_C.o
 .debug_aranges
                0x0000000000000450       0x68 ./Core/Src/main.o
 .debug_aranges
                0x00000000000004b8       0x40 ./Core/Src/stm32f1xx_hal_msp.o
 .debug_aranges
                0x00000000000004f8       0x60 ./Core/Src/stm32f1xx_it.o
 .debug_aranges
                0x0000000000000558       0x28 ./Core/Src/system_stm32f1xx.o
 .debug_aranges
                0x0000000000000580       0x28 ./Core/Startup/startup_stm32f103c8tx.o
 .debug_aranges
                0x00000000000005a8       0xe0 ./Drivers/STM32F1xx_HAL_Driver/Src/stm32f1xx_hal.o
 .debug_aranges
                0x0000000000000688      0x138 ./Drivers/STM32F1xx_HAL_Driver/Src/stm32f1xx_hal_can.o
 .debug_aranges
                0x00000000000007c0      0x100 ./Drivers/STM32F1xx_HAL_Driver/Src/stm32f1xx_hal_cortex.o
 .debug_aranges
                0x00000000000008c0       0x58 ./Drivers/STM32F1xx_HAL_Driver/Src/stm32f1xx_hal_gpio.o
 .debug_aranges
                0x0000000000000918      0x2a0 ./Drivers/STM32F1xx_HAL_Driver/Src/stm32f1xx_hal_i2c.o
 .debug_aranges
                0x0000000000000bb8       0x90 ./Drivers/STM32F1xx_HAL_Driver/Src/stm32f1xx_hal_rcc.o

.debug_ranges   0x0000000000000000      0xbc0
 .debug_ranges  0x0000000000000000      0x2b0 ./Core/Src/ICM_20948.o
 .debug_ranges  0x00000000000002b0      0x198 ./Core/Src/ICM_20948_C.o
 .debug_ranges  0x0000000000000448       0x58 ./Core/Src/main.o
 .debug_ranges  0x00000000000004a0       0x30 ./Core/Src/stm32f1xx_hal_msp.o
 .debug_ranges  0x00000000000004d0       0x50 ./Core/Src/stm32f1xx_it.o
 .debug_ranges  0x0000000000000520       0x18 ./Core/Src/system_stm32f1xx.o
 .debug_ranges  0x0000000000000538       0x20 ./Core/Startup/startup_stm32f103c8tx.o
 .debug_ranges  0x0000000000000558       0xd0 ./Drivers/STM32F1xx_HAL_Driver/Src/stm32f1xx_hal.o
 .debug_ranges  0x0000000000000628      0x128 ./Drivers/STM32F1xx_HAL_Driver/Src/stm32f1xx_hal_can.o
 .debug_ranges  0x0000000000000750       0xf0 ./Drivers/STM32F1xx_HAL_Driver/Src/stm32f1xx_hal_cortex.o
 .debug_ranges  0x0000000000000840       0x48 ./Drivers/STM32F1xx_HAL_Driver/Src/stm32f1xx_hal_gpio.o
 .debug_ranges  0x0000000000000888      0x2b8 ./Drivers/STM32F1xx_HAL_Driver/Src/stm32f1xx_hal_i2c.o
 .debug_ranges  0x0000000000000b40       0x80 ./Drivers/STM32F1xx_HAL_Driver/Src/stm32f1xx_hal_rcc.o

.debug_macro    0x0000000000000000    0x19bc6
 .debug_macro   0x0000000000000000      0x217 ./Core/Src/ICM_20948.o
 .debug_macro   0x0000000000000217      0xb74 ./Core/Src/ICM_20948.o
 .debug_macro   0x0000000000000d8b       0x1c ./Core/Src/ICM_20948.o
 .debug_macro   0x0000000000000da7       0x22 ./Core/Src/ICM_20948.o
 .debug_macro   0x0000000000000dc9       0x8e ./Core/Src/ICM_20948.o
 .debug_macro   0x0000000000000e57       0x51 ./Core/Src/ICM_20948.o
 .debug_macro   0x0000000000000ea8      0x103 ./Core/Src/ICM_20948.o
 .debug_macro   0x0000000000000fab       0x6a ./Core/Src/ICM_20948.o
 .debug_macro   0x0000000000001015      0x1df ./Core/Src/ICM_20948.o
 .debug_macro   0x00000000000011f4       0x16 ./Core/Src/ICM_20948.o
 .debug_macro   0x000000000000120a      0x17b ./Core/Src/ICM_20948.o
 .debug_macro   0x0000000000001385      0x643 ./Core/Src/ICM_20948.o
 .debug_macro   0x00000000000019c8       0x40 ./Core/Src/ICM_20948.o
 .debug_macro   0x0000000000001a08      0x21b ./Core/Src/ICM_20948.o
 .debug_macro   0x0000000000001c23       0x2e ./Core/Src/ICM_20948.o
 .debug_macro   0x0000000000001c51       0x22 ./Core/Src/ICM_20948.o
 .debug_macro   0x0000000000001c73       0x1c ./Core/Src/ICM_20948.o
 .debug_macro   0x0000000000001c8f       0x22 ./Core/Src/ICM_20948.o
 .debug_macro   0x0000000000001cb1       0xc3 ./Core/Src/ICM_20948.o
 .debug_macro   0x0000000000001d74      0xd23 ./Core/Src/ICM_20948.o
 .debug_macro   0x0000000000002a97     0xe09e ./Core/Src/ICM_20948.o
 .debug_macro   0x0000000000010b35       0x6d ./Core/Src/ICM_20948.o
 .debug_macro   0x0000000000010ba2     0x3468 ./Core/Src/ICM_20948.o
 .debug_macro   0x000000000001400a       0x5c ./Core/Src/ICM_20948.o
 .debug_macro   0x0000000000014066      0x5be ./Core/Src/ICM_20948.o
 .debug_macro   0x0000000000014624      0x289 ./Core/Src/ICM_20948.o
 .debug_macro   0x00000000000148ad      0x1cb ./Core/Src/ICM_20948.o
 .debug_macro   0x0000000000014a78      0x114 ./Core/Src/ICM_20948.o
 .debug_macro   0x0000000000014b8c      0x1b2 ./Core/Src/ICM_20948.o
 .debug_macro   0x0000000000014d3e       0x27 ./Core/Src/ICM_20948.o
 .debug_macro   0x0000000000014d65      0x136 ./Core/Src/ICM_20948.o
 .debug_macro   0x0000000000014e9b      0x1bc ./Core/Src/ICM_20948.o
 .debug_macro   0x0000000000015057       0x34 ./Core/Src/ICM_20948.o
 .debug_macro   0x000000000001508b       0x3c ./Core/Src/ICM_20948.o
 .debug_macro   0x00000000000150c7      0x408 ./Core/Src/ICM_20948.o
 .debug_macro   0x00000000000154cf       0x57 ./Core/Src/ICM_20948.o
 .debug_macro   0x0000000000015526       0x88 ./Core/Src/ICM_20948.o
 .debug_macro   0x00000000000155ae      0x241 ./Core/Src/ICM_20948.o
 .debug_macro   0x00000000000157ef      0x287 ./Core/Src/ICM_20948.o
 .debug_macro   0x0000000000015a76      0x141 ./Core/Src/ICM_20948.o
 .debug_macro   0x0000000000015bb7       0x83 ./Core/Src/ICM_20948.o
 .debug_macro   0x0000000000015c3a       0x10 ./Core/Src/ICM_20948.o
 .debug_macro   0x0000000000015c4a       0xbd ./Core/Src/ICM_20948_C.o
 .debug_macro   0x0000000000015d07      0xa9c ./Core/Src/ICM_20948_C.o
 .debug_macro   0x00000000000167a3       0x22 ./Core/Src/ICM_20948_C.o
 .debug_macro   0x00000000000167c5      0x174 ./Core/Src/ICM_20948_C.o
 .debug_macro   0x0000000000016939      0x34f ./Core/Src/main.o
 .debug_macro   0x0000000000016c88      0x17c ./Core/Src/main.o
 .debug_macro   0x0000000000016e04       0x10 ./Core/Src/main.o
 .debug_macro   0x0000000000016e14      0x41e ./Core/Src/main.o
 .debug_macro   0x0000000000017232       0x18 ./Core/Src/main.o
 .debug_macro   0x000000000001724a       0x52 ./Core/Src/main.o
 .debug_macro   0x000000000001729c       0x18 ./Core/Src/main.o
 .debug_macro   0x00000000000172b4       0x3c ./Core/Src/main.o
 .debug_macro   0x00000000000172f0       0x34 ./Core/Src/main.o
 .debug_macro   0x0000000000017324       0x16 ./Core/Src/main.o
 .debug_macro   0x000000000001733a       0x43 ./Core/Src/main.o
 .debug_macro   0x000000000001737d       0x34 ./Core/Src/main.o
 .debug_macro   0x00000000000173b1       0x10 ./Core/Src/main.o
 .debug_macro   0x00000000000173c1       0x58 ./Core/Src/main.o
 .debug_macro   0x0000000000017419       0x71 ./Core/Src/main.o
 .debug_macro   0x000000000001748a       0x16 ./Core/Src/main.o
 .debug_macro   0x00000000000174a0      0x12a ./Core/Src/main.o
 .debug_macro   0x00000000000175ca      0x356 ./Core/Src/main.o
 .debug_macro   0x0000000000017920      0x1a2 ./Core/Src/main.o
 .debug_macro   0x0000000000017ac2       0x10 ./Core/Src/main.o
 .debug_macro   0x0000000000017ad2       0x16 ./Core/Src/main.o
 .debug_macro   0x0000000000017ae8       0x35 ./Core/Src/main.o
 .debug_macro   0x0000000000017b1d       0x16 ./Core/Src/main.o
 .debug_macro   0x0000000000017b33       0x29 ./Core/Src/main.o
 .debug_macro   0x0000000000017b5c       0x10 ./Core/Src/main.o
 .debug_macro   0x0000000000017b6c      0x3c7 ./Core/Src/main.o
 .debug_macro   0x0000000000017f33      0x1a7 ./Core/Src/stm32f1xx_hal_msp.o
 .debug_macro   0x00000000000180da      0xd23 ./Core/Src/stm32f1xx_hal_msp.o
 .debug_macro   0x0000000000018dfd      0x1b1 ./Core/Src/stm32f1xx_it.o
 .debug_macro   0x0000000000018fae      0x198 ./Core/Src/system_stm32f1xx.o
 .debug_macro   0x0000000000019146      0x1bc ./Drivers/STM32F1xx_HAL_Driver/Src/stm32f1xx_hal.o
 .debug_macro   0x0000000000019302      0x1a0 ./Drivers/STM32F1xx_HAL_Driver/Src/stm32f1xx_hal_can.o
 .debug_macro   0x00000000000194a2      0x198 ./Drivers/STM32F1xx_HAL_Driver/Src/stm32f1xx_hal_cortex.o
 .debug_macro   0x000000000001963a      0x203 ./Drivers/STM32F1xx_HAL_Driver/Src/stm32f1xx_hal_gpio.o
 .debug_macro   0x000000000001983d      0x1df ./Drivers/STM32F1xx_HAL_Driver/Src/stm32f1xx_hal_i2c.o
 .debug_macro   0x0000000000019a1c      0x1aa ./Drivers/STM32F1xx_HAL_Driver/Src/stm32f1xx_hal_rcc.o

.debug_line     0x0000000000000000     0xe172
 .debug_line    0x0000000000000000     0x192d ./Core/Src/ICM_20948.o
 .debug_line    0x000000000000192d     0x1f5d ./Core/Src/ICM_20948_C.o
 .debug_line    0x000000000000388a     0x1362 ./Core/Src/main.o
 .debug_line    0x0000000000004bec      0x82d ./Core/Src/stm32f1xx_hal_msp.o
 .debug_line    0x0000000000005419      0x851 ./Core/Src/stm32f1xx_it.o
 .debug_line    0x0000000000005c6a      0x80d ./Core/Src/system_stm32f1xx.o
 .debug_line    0x0000000000006477       0x87 ./Core/Startup/startup_stm32f103c8tx.o
 .debug_line    0x00000000000064fe      0xa3a ./Drivers/STM32F1xx_HAL_Driver/Src/stm32f1xx_hal.o
 .debug_line    0x0000000000006f38     0x11db ./Drivers/STM32F1xx_HAL_Driver/Src/stm32f1xx_hal_can.o
 .debug_line    0x0000000000008113      0xc22 ./Drivers/STM32F1xx_HAL_Driver/Src/stm32f1xx_hal_cortex.o
 .debug_line    0x0000000000008d35      0xad1 ./Drivers/STM32F1xx_HAL_Driver/Src/stm32f1xx_hal_gpio.o
 .debug_line    0x0000000000009806     0x3b24 ./Drivers/STM32F1xx_HAL_Driver/Src/stm32f1xx_hal_i2c.o
 .debug_line    0x000000000000d32a      0xe48 ./Drivers/STM32F1xx_HAL_Driver/Src/stm32f1xx_hal_rcc.o

.debug_str      0x0000000000000000    0x8dbb1
 .debug_str     0x0000000000000000    0x8366a ./Core/Src/ICM_20948.o
                                      0x83e8e (size before relaxing)
 .debug_str     0x000000000008366a     0x1d69 ./Core/Src/ICM_20948_C.o
                                       0x9698 (size before relaxing)
 .debug_str     0x00000000000853d3     0x6891 ./Core/Src/main.o
                                      0x8948c (size before relaxing)
 .debug_str     0x000000000008bc64       0xac ./Core/Src/stm32f1xx_hal_msp.o
                                      0x7ee7e (size before relaxing)
 .debug_str     0x000000000008bd10       0xbd ./Core/Src/stm32f1xx_it.o
                                      0x7e733 (size before relaxing)
 .debug_str     0x000000000008bdcd       0x52 ./Core/Src/system_stm32f1xx.o
                                      0x7e6da (size before relaxing)
 .debug_str     0x000000000008be1f       0x36 ./Core/Startup/startup_stm32f103c8tx.o
                                         0x82 (size before relaxing)
 .debug_str     0x000000000008be55      0x551 ./Drivers/STM32F1xx_HAL_Driver/Src/stm32f1xx_hal.o
                                      0x7ed6b (size before relaxing)
 .debug_str     0x000000000008c3a6      0x49d ./Drivers/STM32F1xx_HAL_Driver/Src/stm32f1xx_hal_can.o
                                      0x7eefa (size before relaxing)
 .debug_str     0x000000000008c843      0x2d8 ./Drivers/STM32F1xx_HAL_Driver/Src/stm32f1xx_hal_cortex.o
                                      0x7ed73 (size before relaxing)
 .debug_str     0x000000000008cb1b      0x311 ./Drivers/STM32F1xx_HAL_Driver/Src/stm32f1xx_hal_gpio.o
                                      0x7ea9e (size before relaxing)
 .debug_str     0x000000000008ce2c      0xb41 ./Drivers/STM32F1xx_HAL_Driver/Src/stm32f1xx_hal_i2c.o
                                      0x7f716 (size before relaxing)
 .debug_str     0x000000000008d96d      0x244 ./Drivers/STM32F1xx_HAL_Driver/Src/stm32f1xx_hal_rcc.o
                                      0x7ead7 (size before relaxing)

.comment        0x0000000000000000       0x53
 .comment       0x0000000000000000       0x53 ./Core/Src/ICM_20948.o
                                         0x54 (size before relaxing)
 .comment       0x0000000000000053       0x54 ./Core/Src/ICM_20948_C.o
 .comment       0x0000000000000053       0x54 ./Core/Src/main.o
 .comment       0x0000000000000053       0x54 ./Core/Src/stm32f1xx_hal_msp.o
 .comment       0x0000000000000053       0x54 ./Core/Src/stm32f1xx_it.o
 .comment       0x0000000000000053       0x54 ./Core/Src/system_stm32f1xx.o
 .comment       0x0000000000000053       0x54 ./Drivers/STM32F1xx_HAL_Driver/Src/stm32f1xx_hal.o
 .comment       0x0000000000000053       0x54 ./Drivers/STM32F1xx_HAL_Driver/Src/stm32f1xx_hal_can.o
 .comment       0x0000000000000053       0x54 ./Drivers/STM32F1xx_HAL_Driver/Src/stm32f1xx_hal_cortex.o
 .comment       0x0000000000000053       0x54 ./Drivers/STM32F1xx_HAL_Driver/Src/stm32f1xx_hal_gpio.o
 .comment       0x0000000000000053       0x54 ./Drivers/STM32F1xx_HAL_Driver/Src/stm32f1xx_hal_i2c.o
 .comment       0x0000000000000053       0x54 ./Drivers/STM32F1xx_HAL_Driver/Src/stm32f1xx_hal_rcc.o

.debug_frame    0x0000000000000000     0x396c
 .debug_frame   0x0000000000000000      0xc18 ./Core/Src/ICM_20948.o
 .debug_frame   0x0000000000000c18      0x6e4 ./Core/Src/ICM_20948_C.o
 .debug_frame   0x00000000000012fc      0x15c ./Core/Src/main.o
 .debug_frame   0x0000000000001458       0xc8 ./Core/Src/stm32f1xx_hal_msp.o
 .debug_frame   0x0000000000001520      0x104 ./Core/Src/stm32f1xx_it.o
 .debug_frame   0x0000000000001624       0x58 ./Core/Src/system_stm32f1xx.o
 .debug_frame   0x000000000000167c      0x334 ./Drivers/STM32F1xx_HAL_Driver/Src/stm32f1xx_hal.o
 .debug_frame   0x00000000000019b0      0x5a0 ./Drivers/STM32F1xx_HAL_Driver/Src/stm32f1xx_hal_can.o