cmath:106:3:constexpr float std::asin(float)	16	static
cmath:144:3:constexpr float std::atan2(float, float)	16	static
main.cpp:80:5:int main()	328	static
main.cpp:250:6:void SystemClock_Config()	72	static
main.cpp:289:13:void MX_CAN_Init()	8	static
main.cpp:326:13:void MX_I2C2_Init()	8	static
main.cpp:360:13:void MX_GPIO_Init()	40	static
main.cpp:382:19:HAL_StatusTypeDef I2C_write(uint8_t, uint8_t, uint8_t, uint8_t*)	32	static
main.cpp:388:19:HAL_StatusTypeDef I2C_read(uint8_t, uint8_t, uint8_t, uint8_t*)	32	static
main.cpp:399:6:void Error_Handler()	4	static,ignoring_inline_asm
